RLSTM8 LINKER/LOCATOR V2.30.10.175

INVOKED BY:
C:\Program Files\Raisonance\Ride\Bin\RLSTM8.EXE -CP 
C:\DOCUMENTS AND SETTINGS\JEROME SEMETTE\DESKTOP\AN2659-STM8_IAP_USING_USER-BOOTLOADER\PROJECT\STM8L_USER-BOOTLOADER_EXAMPLE\RIDE\STM8L15X_OB.OBJ,C:\DOCUMENTS AND SETTINGS\JEROME SEMETTE\DESKTOP\AN2659-STM8_IAP_USING_USER-BOOTLOADER\PROJECT\STM8L_USER-BOOTLOADER_EXAMPLE\RIDE\STM8L15X_INTERRUPT.OBJ,C:\DOCUMENTS AND SETTINGS\JEROME SEMETTE\DESKTOP\AN2659-STM8_IAP_USING_USER-BOOTLOADER\PROJECT\STM8L_USER-BOOTLOADER_EXAMPLE\RIDE\MAIN.OBJ 
TO(C:\DOCUMENTS AND SETTINGS\JEROME SEMETTE\DESKTOP\AN2659-STM8_IAP_USING_USER-BOOTLOADER\PROJECT\STM8L_USER-BOOTLOADER_EXAMPLE\RIDE\STM8BOOTLOADER.AOF) 
LIBPATH(C:\PROGRAM FILES\RAISONANCE\RIDE\LIB\ST7) 
PR(C:\DOCUMENTS AND SETTINGS\JEROME SEMETTE\DESKTOP\AN2659-STM8_IAP_USING_USER-BOOTLOADER\PROJECT\STM8L_USER-BOOTLOADER_EXAMPLE\RIDE\STM8BOOTLOADER.MAP) 
SCINAME(STM8L15X) GENERATEDEPFILE CODESIZE(0X8000) CODESTART(0X8000) 
RAMSIZE(0X800) DATASTART(0X0000) EEPROMSTART(0X1000) EEPROMSIZE(0X400) 
STACKSIZE(0X200) STACKTOP(2048) REMOVEUNCALLED IX 
XML(C:\DOCUMENTS AND SETTINGS\JEROME SEMETTE\DESKTOP\AN2659-STM8_IAP_USING_USER-BOOTLOADER\PROJECT\STM8L_USER-BOOTLOADER_EXAMPLE\RIDE\STM8BOOTLOADER.STANDARD.XML) 
XMLRIDE(C:\DOCUMENTS AND SETTINGS\JEROME SEMETTE\DESKTOP\AN2659-STM8_IAP_USING_USER-BOOTLOADER\PROJECT\STM8L_USER-BOOTLOADER_EXAMPLE\RIDE\STM8BOOTLOADER-GLOBALS.STANDARD.XML) 
CODE(0X8080) 
 WITHOUT ANY FLOATING POINT ARITHMETIC


INPUT MODULES INCLUDED
  C:\DOCUMENTS AND SETTINGS\JEROME SEMETTE\DESKTOP\AN2659-STM8_IAP_USING_USER-BOOTLOADER\PROJECT\STM8L_USER-BOOTLOADER_EXAMPLE\RIDE\STM8L15X_OB.OBJ(STM8L15X_OB)
  C:\DOCUMENTS AND SETTINGS\JEROME SEMETTE\DESKTOP\AN2659-STM8_IAP_USING_USER-BOOTLOADER\PROJECT\STM8L_USER-BOOTLOADER_EXAMPLE\RIDE\STM8L15X_INTERRUPT.OBJ(STM8L15X_INTERRUPT)
  C:\DOCUMENTS AND SETTINGS\JEROME SEMETTE\DESKTOP\AN2659-STM8_IAP_USING_USER-BOOTLOADER\PROJECT\STM8L_USER-BOOTLOADER_EXAMPLE\RIDE\MAIN.OBJ(MAIN)
  C:\PROGRAM FILES\RAISONANCE\RIDE\LIB\ST7\RCSTM8.LIB(CHARTOL)
  C:\PROGRAM FILES\RAISONANCE\RIDE\LIB\ST7\RCSTM8.LIB(ACCIX328)
  C:\PROGRAM FILES\RAISONANCE\RIDE\LIB\ST7\RCSTM8.LIB(ADD3232)
  C:\PROGRAM FILES\RAISONANCE\RIDE\LIB\ST7\RCSTM8.LIB(DIVS3232)
  C:\PROGRAM FILES\RAISONANCE\RIDE\LIB\ST7\RCSTM8.LIB(DIVU3232)
  C:\PROGRAM FILES\RAISONANCE\RIDE\LIB\ST7\RCSTM8.LIB(SUBIX32)
  C:\PROGRAM FILES\RAISONANCE\RIDE\LIB\ST7\RCSTM8.LIB(ADDIX32)
  C:\PROGRAM FILES\RAISONANCE\RIDE\LIB\ST7\RCSTM8.LIB(IX32)
  C:\PROGRAM FILES\RAISONANCE\RIDE\LIB\ST7\RCSTM8.LIB(MULU3232)
  C:\PROGRAM FILES\RAISONANCE\RIDE\LIB\ST7\RCSTM8.LIB(MV4_BC2ISA)
  C:\PROGRAM FILES\RAISONANCE\RIDE\LIB\ST7\RCSTM8.LIB(MV4_BC2SK)
  C:\PROGRAM FILES\RAISONANCE\RIDE\LIB\ST7\RCSTM8.LIB(MV4_ISA2BC)
  C:\PROGRAM FILES\RAISONANCE\RIDE\LIB\ST7\RCSTM8.LIB(MV4_PG2BC)
  C:\PROGRAM FILES\RAISONANCE\RIDE\LIB\ST7\RCSTM8.LIB(MV4_PG2IX1)
  C:\PROGRAM FILES\RAISONANCE\RIDE\LIB\ST7\RCSTM8.LIB(MV4_PG2SK1)
  C:\PROGRAM FILES\RAISONANCE\RIDE\LIB\ST7\RCSTM8.LIB(NEG32)
  C:\PROGRAM FILES\RAISONANCE\RIDE\LIB\ST7\RCSTM8.LIB(SUB3232)
  C:\PROGRAM FILES\RAISONANCE\RIDE\LIB\ST7\RCSTM8.LIB(SRL328)
  C:\PROGRAM FILES\RAISONANCE\RIDE\LIB\ST7\RCSTM8.LIB(CPU3232IX)
  C:\PROGRAM FILES\RAISONANCE\RIDE\LIB\ST7\RCSTM8.LIB(_MEMCPY)
  C:\PROGRAM FILES\RAISONANCE\RIDE\LIB\ST7\RCSTM8.LIB(REGISTERS)
  C:\PROGRAM FILES\RAISONANCE\RIDE\LIB\ST7\RCSTM8.LIB(STARTUP_V_Z)
  C:\PROGRAM FILES\RAISONANCE\RIDE\LIB\ST7\RCSTM8.LIB(MEMCPY)
  C:\PROGRAM FILES\RAISONANCE\RIDE\LIB\ST7\RCSTM8.LIB(?STATINIT)

REMOVED UNCALLED SEGMENTS:
--------------------------
    ?PR??CHECKADDRESS?MAIN
    ?PR??CLK_GETCLOCKFREQ?MAIN
    ?STR?MAIN
    CSTDLIB_DIVS3232
    CSTDLIB_DIVU32
    CSTDLIB_MEMCPYP
    CSTDLIB_NEG32


***WARNING 21: REFERENCE TO CODE FROM INRAM FUNCTION
   NAME: ?PR??MEM_PROGRAMBLOCK?MAIN

***WARNING 21: REFERENCE TO CODE FROM INRAM FUNCTION
   NAME: ?PR??MEM_PROGRAMBLOCK?MAIN

***WARNING 21: REFERENCE TO CODE FROM INRAM FUNCTION
   NAME: ?PR??MEM_PROGRAMBLOCK?MAIN

***WARNING 21: REFERENCE TO CODE FROM INRAM FUNCTION
   NAME: ?PR??MEM_PROGRAMBLOCK?MAIN


LINK MAP OF MODULE: C:\DOCUMENTS AND SETTINGS\JEROME SEMETTE\DESKTOP\AN2659-STM8_IAP_USING_USER-BOOTLOADER\PROJECT\STM8L_USER-BOOTLOADER_EXAMPLE\RIDE\STM8BOOTLOADER.AOF (STM8L15X_OB)

	TYPE     BASE         LENGTH     RELOCATION      SEGMENT NAME
	----     ----         ------     ----------      ------------

	* * * * * * * *   D A T A       M E M O R Y   * * * * * * * *
	DATA     000000H      000004H    PAGE0           CSTDLIB_REGISTERS
	DATA     000004H      000001H    INSECTION0      ?ZDT?MAIN
	DATA     000005H      000086H    INSECTION0      ?EDT?MAIN
	DATA     00008BH      000078H    INSECTION0      ?PR??MEM_PROGRAMBLOCK?MAIN
	DATA     000103H      000002H    INSECTION0      ?DT?MAIN
	         000105H      0004FBH                     *** GAP ***
	DATA     000600H      000200H    UNIT            ?C_STACK?SEG

	* * * * * * * *   C O D E       M E M O R Y   * * * * * * * *
	
	CODE     004800H      00000BH    AT              ?CO?STM8L15X_OB00
	CODE     008000H      000004H    AT              ?CO?STARTUP_V_Z00
	CODE     008004H      00007CH    AT              ?CO?STM8L15X_INTERRUPT00
	CODE     008080H      000230H    INSECTION0      ?PR??WRITEBUFFER?MAIN
	CODE     0082B0H      0001FFH    INSECTION0      ?PR??WRITEBUFFERFLASH?MAIN
	CODE     0084AFH      000130H    INSECTION0      ?PR??RECEIVEADDRESS?MAIN
	CODE     0085DFH      0000F0H    INSECTION0      ?PR?MAIN?MAIN
	CODE     0086CFH      0000C4H    INSECTION0      ?PR??WM_COMMAND_PROCESS?MAIN
	CODE     008793H      0000B2H    INSECTION0      ?PR??PROCESSCOMMANDS?MAIN
	CODE     008845H      00009FH    INSECTION0      ?PR??RECEIVECOUNT?MAIN
	CODE     0088E4H      000091H    INSECTION0      ?PR??RM_COMMAND_PROCESS?MAIN
	CODE     008975H      00008DH    INSECTION0      CSTDLIB_MULU3232
	CODE     008A02H      000051H    INSECTION0      ?PR??PROTOCOL_INIT?MAIN
	CODE     008A53H      000046H    INSECTION0      ?PR??RECEIVE?MAIN
	CODE     008A99H      000043H    INSECTION0      ?PR??TRANSMIT?MAIN
	CODE     008ADCH      000042H    INSECTION0      ?PR??FLASH_PROGRAMOPTIONBYTE?MAIN
	CODE     008B1EH      000033H    INSECTION0      ?PR??DEINITBOOTLOADER?MAIN
	CODE     008B51H      000033H    INSECTION0      CSTART
	CODE     008B84H      000032H    INSECTION0      ?PR??GO_COMMAND_PROCESS?MAIN
	CODE     008BB6H      000029H    INSECTION0      ?PR??GT_COMMAND_PROCESS?MAIN
	         008BDFH      000001H                     *** GAP ***
	CODE     008BE0H      00001AH    INSECTION0      CSTDLIB_SRL328
	CODE     008BFAH      000018H    INSECTION0      CSTDLIB_ACCIX328
	CODE     008C12H      000018H    INSECTION0      CSTDLIB_IX32
	CODE     008C2AH      000017H    INSECTION0      ?PR??MASTER_IDENT?MAIN
	CODE     008C41H      000017H    INSECTION0      CSTDLIB_MV4BC2ISA
	CODE     008C58H      000017H    INSECTION0      CSTDLIB_MV4ISA2BC
	CODE     008C6FH      000017H    INSECTION0      CSTDLIB_SUB3232
	CODE     008C86H      000015H    INSECTION0      CSTDLIB_ADD3232
	         008C9BH      000001H                     *** GAP ***
	CODE     008C9CH      000014H    INSECTION0      CSTDLIB_MEMCPY
	CODE     008CB0H      000012H    INSECTION0      CSTDLIB_CHARTOL
	CODE     008CC2H      000012H    INSECTION0      CSTDLIB_PG2BC
	CODE     008CD4H      000011H    INSECTION0      CSTDLIB_MV4BC2SK
	CODE     008CE5H      000010H    INSECTION0      CSTDLIB_PG2IX1
	CODE     008CF5H      00000CH    INSECTION0      CSTDLIB_CPU3232IX
	CODE     008D01H      000009H    INSECTION0      ?PR??UNLOCK_PROG?MAIN
	CODE     008D0AH      000009H    INSECTION0      ?PR??UNLOCK_DATA?MAIN
	CODE     008D13H      000009H    INSECTION0      CSTDLIB_PG2SK1
	CODE     008D1CH      000080H    UNIT            ?PR?STATINIT

UNRESOLVED EXTERNAL SYMBOLS

EXECUTABLE SUMMARY:
-------------------
    Total EEPROM storage requirement:  0000H (0)
    Total DATA storage requirement:  0305H (773)
    Total CODE storage requirement:  0D9AH (3482)


REFERENCE MAP OF MODULE: C:\DOCUMENTS AND SETTINGS\JEROME SEMETTE\DESKTOP\AN2659-STM8_IAP_USING_USER-BOOTLOADER\PROJECT\STM8L_USER-BOOTLOADER_EXAMPLE\RIDE\STM8BOOTLOADER.AOF (STM8BOOTLOADER)

SEGMENT
   +-->CALLED SEGMENT
---------------------

SYMBOL TABLE FOR C:\DOCUMENTS AND SETTINGS\JEROME SEMETTE\DESKTOP\AN2659-STM8_IAP_USING_USER-BOOTLOADER\PROJECT\STM8L_USER-BOOTLOADER_EXAMPLE\RIDE\STM8BOOTLOADER.AOF(STM8L15X_OB)
-----------------------------------------------------------------------------------------------------------------------------------------------------------------------------------

	VALUE              TYPE               NAME
	-----              ----               ----

	----------         TranslatorMod-ST7  STM8L15X_OB
	----------         PROC-ST7           
	----------         ENDPROC-ST7        
	----------         EndModule-ST7      
	----------         TranslatorMod-ST7  STM8L15X_INTERRUPT
	----------         PROC-ST7           
	----------         ENDPROC-ST7        
	----------         EndModule-ST7      
	----------         TranslatorMod-ST7  MAIN
	  C:00008BH        PUBLIC             ?Mem_ProgramBlock
	  D:000089H        PUBLIC             ReceivedData
	  C:008A53H        PUBLIC             ?Receive
	  C:008D01H        PUBLIC             ?unlock_PROG
	  C:008080H        PUBLIC             ?WriteBuffer
	  C:008D0AH        PUBLIC             ?unlock_DATA
	  C:008A02H        PUBLIC             ?protocol_init
	  C:0085DFH        PUBLIC             main
	  C:008B1EH        PUBLIC             ?DeInitBootloader
	  C:0084AFH        PUBLIC             ?ReceiveAddress
	  C:008845H        PUBLIC             ?ReceiveCount
	  D:000004H        PUBLIC             RoutinesInRAM
	  C:008793H        PUBLIC             ?ProcessCommands
	  C:008ADCH        PUBLIC             ?FLASH_ProgramOptionByte
	  C:008B84H        PUBLIC             ?GO_Command_Process
	  C:008A99H        PUBLIC             ?Transmit
	  C:0082B0H        PUBLIC             ?WriteBufferFlash
	  D:000007H        PUBLIC             DataBuffer
	  C:008BB6H        PUBLIC             ?GT_Command_Process
	  D:000103H        PUBLIC             MainUserApplication
	  C:0088E4H        PUBLIC             ?RM_Command_Process
	  D:000005H        PUBLIC             GoAddress
	  C:008C2AH        PUBLIC             ?Master_ident
	  C:0086CFH        PUBLIC             ?WM_Command_Process
	  N:000000H        SYMBOL             _ICE_DUMMY_
	  C:00006BH        SYMBOL             ?EPILOG_0020
	  C:008B0FH        SYMBOL             ?NXT_0152
	  C:008B01H        SYMBOL             ?WHILE_0027
	  C:0088DFH        SYMBOL             ?NXT_0143
	  C:0084E0H        SYMBOL             ?NXT_0125
	  C:008ADAH        SYMBOL             ?EPILOG_0011
	  C:008484H        SYMBOL             ?WHILE_0018
	  C:0082A1H        SYMBOL             ?NXT_0071
	  C:00874FH        SYMBOL             ?NXT_0044
	  C:008970H        SYMBOL             ?NXT_0026
	  C:008BDEH        SYMBOL             ?EPILOG_0002
	  C:008824H        SYMBOL             ?CASE_0006
	  C:0087CEH        SYMBOL             ?NXT_0017
	  C:00008BH        SYMBOL             ?Mem_ProgramBlock
	  C:008B08H        SYMBOL             ?NXT_0153
	  C:0084F6H        SYMBOL             ?NXT_0126
	  C:008A96H        SYMBOL             ?EPILOG_0012
	  C:008490H        SYMBOL             ?WHILE_0019
	  C:0084AAH        SYMBOL             ?NXT_0090
	  C:00875AH        SYMBOL             ?NXT_0045
	  C:00896AH        SYMBOL             ?NXT_0027
	  C:008972H        SYMBOL             ?EPILOG_0003
	  C:00882BH        SYMBOL             ?CASE_0007
	  C:0087ECH        SYMBOL             ?NXT_0018
	  C:008832H        SYMBOL             ?TEST_0003
	  D:000089H        SYMBOL             ReceivedData
	  C:00850CH        SYMBOL             ?NXT_0127
	  C:008C3FH        SYMBOL             ?EPILOG_0013
	  C:008498H        SYMBOL             ?NXT_0091
	  C:0082E1H        SYMBOL             ?NXT_0082
	  C:0080FBH        SYMBOL             ?NXT_0064
	  C:000081H        SYMBOL             ?NXT_0055
	  C:00876AH        SYMBOL             ?NXT_0046
	  C:008BB3H        SYMBOL             ?EPILOG_0004
	  C:008832H        SYMBOL             ?NXT_0019
	  C:008A53H        SYMBOL             ?Receive
	  C:008D01H        SYMBOL             ?unlock_PROG
	  C:0085DCH        SYMBOL             ?EPILOG_0014
	  C:008522H        SYMBOL             ?NXT_0128
	  C:00830EH        SYMBOL             ?NXT_0083
	  C:008175H        SYMBOL             ?NXT_0065
	  C:008789H        SYMBOL             ?NXT_0047
	  C:008790H        SYMBOL             ?EPILOG_0005
	  C:008B95H        SYMBOL             ?NXT_0029
	  C:0000B2H        SYMBOL             ?NXT_0147
	  C:0088E1H        SYMBOL             ?EPILOG_0015
	  C:00885AH        SYMBOL             ?NXT_0138
	  C:0085C4H        SYMBOL             ?NXT_0129
	  C:008B2CH        SYMBOL             ?NXT_0093
	  C:0082FCH        SYMBOL             ?NXT_0084
	  C:0081F8H        SYMBOL             ?NXT_0066
	  C:000083H        SYMBOL             ?EPILOG_0006
	  C:0086E6H        SYMBOL             ?NXT_0039
	  C:008080H        SYMBOL             ?WriteBuffer
	  C:008D0AH        SYMBOL             ?unlock_DATA
	  C:008A02H        SYMBOL             ?protocol_init
	  C:000100H        SYMBOL             ?NXT_0148
	  C:008D09H        SYMBOL             ?EPILOG_0016
	  C:008872H        SYMBOL             ?NXT_0139
	  C:0083A4H        SYMBOL             ?NXT_0085
	  C:0081F3H        SYMBOL             ?NXT_0067
	  C:0082ADH        SYMBOL             ?EPILOG_0007
	  C:0085DFH        SYMBOL             main
	  C:0000F3H        SYMBOL             ?NXT_0149
	  C:008D12H        SYMBOL             ?EPILOG_0017
	  C:0084ACH        SYMBOL             ?EPILOG_0008
	  C:00837FH        SYMBOL             ?NXT_0086
	  C:0081EDH        SYMBOL             ?NXT_0068
	  C:00891CH        SYMBOL             ?FOR_0001
	  C:000100H        SYMBOL             ?EPILOG_0018
	  C:008B50H        SYMBOL             ?EPILOG_0009
	  C:0083F8H        SYMBOL             ?NXT_0087
	  C:0082ABH        SYMBOL             ?NXT_0069
	  C:000037H        SYMBOL             ?DATASTART_0010
	  C:008B1EH        SYMBOL             ?DeInitBootloader
	  C:008B1BH        SYMBOL             ?EPILOG_0019
	  C:008484H        SYMBOL             ?NXT_0088
	  C:00004EH        SYMBOL             ?DATASTART_0011
	  C:008713H        SYMBOL             ?FOR_0003
	  C:0084AFH        SYMBOL             ?ReceiveAddress
	  C:00845FH        SYMBOL             ?NXT_0089
	  C:008084H        SYMBOL             ?DATASTART_0021
	  C:000062H        SYMBOL             ?DATASTART_0012
	  C:008388H        SYMBOL             ?DATASTART_0040
	  C:0080D6H        SYMBOL             ?DATASTART_0022
	  C:000072H        SYMBOL             ?DATASTART_0013
	  C:0083DDH        SYMBOL             ?DATASTART_0041
	  C:0081C4H        SYMBOL             ?FOR_0006
	  C:0080FEH        SYMBOL             ?DATASTART_0023
	  C:008845H        SYMBOL             ?ReceiveCount
	  C:00841FH        SYMBOL             ?DATASTART_0042
	  C:008261H        SYMBOL             ?FOR_0007
	  C:008150H        SYMBOL             ?DATASTART_0024
	  C:008435H        SYMBOL             ?DATASTART_0043
	  C:0081B3H        SYMBOL             ?DATASTART_0025
	  C:000003H        SYMBOL             ?DATASTART_0007
	  C:0000DFH        SYMBOL             ?FOR_0009
	  C:00844BH        SYMBOL             ?DATASTART_0044
	  C:0081FBH        SYMBOL             ?DATASTART_0026
	  C:000013H        SYMBOL             ?DATASTART_0008
	  C:008808H        SYMBOL             ?LAB_0010
	  C:00865BH        SYMBOL             ?LAB_0001
	  C:008468H        SYMBOL             ?DATASTART_0045
	  C:008250H        SYMBOL             ?DATASTART_0027
	  C:00005BH        SYMBOL             ?LAB_0020
	  C:000027H        SYMBOL             ?DATASTART_0009
	  C:008843H        SYMBOL             ?LAB_0011
	  D:000004H        SYMBOL             ?ZDT?MAIN?BASE
	  C:00833FH        SYMBOL             ?DATASTART_0037
	  C:008223H        SYMBOL             ?LAB_0030
	  C:00007FH        SYMBOL             ?LAB_0021
	  C:00003BH        SYMBOL             ?DATAEND_0010
	  C:000024H        SYMBOL             ?ELSE_0036
	  C:008839H        SYMBOL             ?LAB_0012
	  D:000004H        SYMBOL             RoutinesInRAM
	  C:008793H        SYMBOL             ?ProcessCommands
	  C:0000BBH        SYMBOL             ?DATASTART_0047
	  C:008355H        SYMBOL             ?DATASTART_0038
	  C:000052H        SYMBOL             ?DATAEND_0011
	  C:000046H        SYMBOL             ?ELSE_0037
	  C:008843H        SYMBOL             ?LAB_0013
	  C:008ADCH        SYMBOL             ?FLASH_ProgramOptionByte
	  C:008B84H        SYMBOL             ?GO_Command_Process
	  C:008A99H        SYMBOL             ?Transmit
	  C:0000A8H        SYMBOL             ?ELSE_0083
	  C:00836BH        SYMBOL             ?DATASTART_0039
	  C:008088H        SYMBOL             ?DATAEND_0021
	  C:000066H        SYMBOL             ?DATAEND_0012
	  C:00005FH        SYMBOL             ?ELSE_0038
	  C:0086C2H        SYMBOL             ?DO_0001
	  C:0082B0H        SYMBOL             ?WriteBufferFlash
	  C:00005AH        SYMBOL             ?DATASTART_0049
	  C:008389H        SYMBOL             ?DATAEND_0040
	  C:0082ECH        SYMBOL             ?LAB_0033
	  C:0080DAH        SYMBOL             ?DATAEND_0022
	  C:000076H        SYMBOL             ?DATAEND_0013
	  C:00005BH        SYMBOL             ?EASY_0000?CheckAddress
	  C:0083DEH        SYMBOL             ?DATAEND_0041
	  C:008321H        SYMBOL             ?LAB_0034
	  C:0082D7H        SYMBOL             ?ELSE_0049
	  C:008102H        SYMBOL             ?DATAEND_0023
	  C:000020H        SYMBOL             ?EASY_0001?CheckAddress
	  C:008814H        SYMBOL             ?LAB_0007
	  C:008794H        SYMBOL             ?DO_0003
	  D:000007H        SYMBOL             DataBuffer
	  C:008420H        SYMBOL             ?DATAEND_0042
	  C:008318H        SYMBOL             ?LAB_0035
	  C:008154H        SYMBOL             ?DATAEND_0024
	  C:0080E3H        SYMBOL             ?LAB_0026
	  C:0087FCH        SYMBOL             ?LAB_0008
	  D:000103H        SYMBOL             ?DT?MAIN?BASE
	  C:008436H        SYMBOL             ?DATAEND_0043
	  C:008321H        SYMBOL             ?LAB_0036
	  C:0081B7H        SYMBOL             ?DATAEND_0025
	  C:00815DH        SYMBOL             ?LAB_0027
	  C:000020H        SYMBOL             ?LAB_0018
	  C:000007H        SYMBOL             ?DATAEND_0007
	  C:008802H        SYMBOL             ?LAB_0009
	  C:000000H        SYMBOL             ?STR?MAIN?BASE
	  C:008BB6H        SYMBOL             ?GT_Command_Process
	  C:00844CH        SYMBOL             ?DATAEND_0044
	  C:008401H        SYMBOL             ?LAB_0037
	  C:0081FFH        SYMBOL             ?DATAEND_0026
	  C:0081C0H        SYMBOL             ?LAB_0028
	  C:000044H        SYMBOL             ?LAB_0019
	  C:000017H        SYMBOL             ?DATAEND_0008
	  C:008469H        SYMBOL             ?DATAEND_0045
	  C:00825DH        SYMBOL             ?LAB_0029
	  C:008254H        SYMBOL             ?DATAEND_0027
	  C:00002BH        SYMBOL             ?DATAEND_0009
	  C:008798H        SYMBOL             ?WHILE_0001
	  D:000103H        SYMBOL             MainUserApplication
	  C:008A7FH        SYMBOL             ?LAB_0039
	  C:008AB9H        SYMBOL             ?NXT_0100
	  C:008340H        SYMBOL             ?DATAEND_0037
	  C:0082E1H        SYMBOL             ?WHILE_0011
	  C:0000BCH        SYMBOL             ?DATAEND_0047
	  C:008A71H        SYMBOL             ?NXT_0110
	  C:008AB2H        SYMBOL             ?NXT_0101
	  C:008356H        SYMBOL             ?DATAEND_0038
	  C:0082F4H        SYMBOL             ?WHILE_0012
	  D:000005H        SYMBOL             ?EDT?MAIN?BASE
	  C:0088E4H        SYMBOL             ?RM_Command_Process
	  C:008A6AH        SYMBOL             ?NXT_0111
	  C:008AB2H        SYMBOL             ?NXT_0102
	  C:008AA0H        SYMBOL             ?WHILE_0022
	  C:00836CH        SYMBOL             ?DATAEND_0039
	  C:00830EH        SYMBOL             ?WHILE_0013
	  C:00005EH        SYMBOL             ?DATAEND_0049
	  C:0085C0H        SYMBOL             ?NXT_0130
	  C:008A6AH        SYMBOL             ?NXT_0112
	  C:008ADAH        SYMBOL             ?NXT_0103
	  C:008AC3H        SYMBOL             ?WHILE_0023
	  C:008377H        SYMBOL             ?WHILE_0014
	  C:008706H        SYMBOL             ?NXT_0040
	  C:008674H        SYMBOL             ?NXT_0004
	  D:000005H        SYMBOL             GoAddress
	  C:0088D6H        SYMBOL             ?NXT_0140
	  C:0085D5H        SYMBOL             ?NXT_0131
	  C:008A8EH        SYMBOL             ?NXT_0113
	  C:008AD3H        SYMBOL             ?NXT_0104
	  C:0083A4H        SYMBOL             ?WHILE_0015
	  C:008740H        SYMBOL             ?NXT_0041
	  C:008843H        SYMBOL             ?NXT_0014
	  C:008674H        SYMBOL             ?NXT_0005
	  C:00888DH        SYMBOL             ?NXT_0141
	  C:008A5AH        SYMBOL             ?WHILE_0025
	  C:008AD3H        SYMBOL             ?NXT_0105
	  C:0083F8H        SYMBOL             ?WHILE_0016
	  C:00873AH        SYMBOL             ?NXT_0042
	  C:0088F5H        SYMBOL             ?NXT_0024
	  C:008816H        SYMBOL             ?CASE_0004
	  C:0087A0H        SYMBOL             ?NXT_0015
	  C:0086CEH        SYMBOL             ?EPILOG_0000
	  C:0086A4H        SYMBOL             ?NXT_0006
	  C:008C2AH        SYMBOL             ?Master_ident
	  C:0088CDH        SYMBOL             ?NXT_0142
	  C:0084CAH        SYMBOL             ?NXT_0124
	  C:008C3DH        SYMBOL             ?NXT_0115
	  C:008A52H        SYMBOL             ?EPILOG_0010
	  C:008457H        SYMBOL             ?WHILE_0017
	  C:0082A7H        SYMBOL             ?NXT_0070
	  C:00872BH        SYMBOL             ?NXT_0043
	  C:008914H        SYMBOL             ?NXT_0025
	  C:008843H        SYMBOL             ?EPILOG_0001
	  C:00881DH        SYMBOL             ?CASE_0005
	  C:0087BAH        SYMBOL             ?NXT_0016
	  C:0086CEH        SYMBOL             ?NXT_0007
	  C:0086CCH        SYMBOL             ?TEST_0001
	  C:0086CFH        SYMBOL             ?WM_Command_Process
	----------         PROC-ST7           
	  C:0085DFH        LINE#              80
	  C:0085E0H        LINE#              81
	  C:0085E4H        LINE#              84
	  C:0085E6H        LINE#              84
	  C:0085E9H        LINE#              84
	  C:0085EBH        LINE#              84
	  C:0085F0H        LINE#              85
	  C:0085F2H        LINE#              85
	  C:0085F5H        LINE#              85
	  C:0085F7H        LINE#              85
	  C:0085FCH        LINE#              86
	  C:0085FEH        LINE#              86
	  C:008601H        LINE#              86
	  C:008603H        LINE#              86
	  C:008608H        LINE#              89
	  C:00860AH        LINE#              89
	  C:00860DH        LINE#              89
	  C:00860EH        LINE#              89
	  C:008610H        LINE#              89
	  C:008612H        LINE#              89
	  C:008615H        LINE#              89
	  C:008617H        LINE#              89
	  C:008619H        LINE#              89
	  C:00861BH        LINE#              92
	  C:00861EH        LINE#              92
	  C:008620H        LINE#              92
	  C:008622H        LINE#              92
	  C:008623H        LINE#              92
	  C:008624H        LINE#              92
	  C:008628H        LINE#              92
	  C:00862AH        LINE#              92
	  C:00862BH        LINE#              92
	  C:00862DH        LINE#              92
	  C:00862EH        LINE#              92
	  C:00862FH        LINE#              92
	  C:008632H        LINE#              92
	  C:008634H        LINE#              92
	  C:008637H        LINE#              92
	  C:008639H        LINE#              92
	  C:00863BH        LINE#              92
	  C:00863EH        LINE#              92
	  C:008640H        LINE#              92
	  C:008642H        LINE#              92
	  C:008643H        LINE#              92
	  C:008644H        LINE#              92
	  C:008648H        LINE#              92
	  C:00864AH        LINE#              92
	  C:00864BH        LINE#              92
	  C:00864DH        LINE#              92
	  C:00864EH        LINE#              92
	  C:00864FH        LINE#              92
	  C:008652H        LINE#              92
	  C:008654H        LINE#              92
	  C:008657H        LINE#              92
	  C:008659H        LINE#              92
	  C:00865BH        LINE#              95
	  C:00865FH        LINE#              96
	  C:008663H        LINE#              97
	  C:008667H        LINE#              98
	  C:00866BH        LINE#              98
	  C:00866CH        LINE#              98
	  C:00866EH        LINE#              98
	  C:00866FH        LINE#              98
	  C:008670H        LINE#              98
	  C:008674H        LINE#              127
	  C:008678H        LINE#              128
	  C:00867CH        LINE#              129
	  C:008680H        LINE#              130
	  C:008684H        LINE#              133
	  C:008688H        LINE#              136
	  C:00868BH        LINE#              139
	  C:00868DH        LINE#              139
	  C:008690H        LINE#              139
	  C:008691H        LINE#              139
	  C:008693H        LINE#              141
	  C:008695H        LINE#              141
	  C:008698H        LINE#              143
	  C:00869BH        LINE#              143
	  C:00869CH        LINE#              143
	  C:00869EH        LINE#              143
	  C:00869FH        LINE#              143
	  C:0086A0H        LINE#              143
	  C:0086A4H        LINE#              175
	  C:0086A6H        LINE#              175
	  C:0086A7H        LINE#              175
	  C:0086AAH        LINE#              175
	  C:0086ABH        LINE#              175
	  C:0086AEH        LINE#              175
	  C:0086B1H        LINE#              175
	  C:0086B3H        LINE#              178
	  C:0086B7H        LINE#              179
	  C:0086BAH        LINE#              180
	  C:0086BDH        LINE#              182
	  C:0086BFH        LINE#              182
	  C:0086C2H        LINE#              186
	  C:0086C5H        LINE#              189
	  C:0086C8H        LINE#              192
	  C:0086CCH        LINE#              192
	  C:0086CEH        LINE#              192
	----------         ENDPROC-ST7        
	----------         PROC-ST7           
	  C:008793H        LINE#              197
	  C:008794H        LINE#              202
	  C:008796H        LINE#              202
	  C:008798H        LINE#              203
	  C:00879AH        LINE#              203
	  C:00879CH        LINE#              204
	  C:00879EH        LINE#              204
	  C:0087A0H        LINE#              206
	  C:0087A3H        LINE#              206
	  C:0087A6H        LINE#              209
	  C:0087A9H        LINE#              209
	  C:0087AAH        LINE#              209
	  C:0087ADH        LINE#              209
	  C:0087AEH        LINE#              209
	  C:0087B1H        LINE#              209
	  C:0087B2H        LINE#              209
	  C:0087B5H        LINE#              209
	  C:0087B6H        LINE#              209
	  C:0087B8H        LINE#              210
	  C:0087BAH        LINE#              213
	  C:0087BDH        LINE#              213
	  C:0087BEH        LINE#              213
	  C:0087C1H        LINE#              213
	  C:0087C2H        LINE#              213
	  C:0087C5H        LINE#              213
	  C:0087C6H        LINE#              213
	  C:0087C9H        LINE#              213
	  C:0087CAH        LINE#              213
	  C:0087CCH        LINE#              214
	  C:0087CEH        LINE#              217
	  C:0087CFH        LINE#              217
	  C:0087D2H        LINE#              217
	  C:0087D3H        LINE#              217
	  C:0087D4H        LINE#              217
	  C:0087D5H        LINE#              217
	  C:0087D6H        LINE#              217
	  C:0087D7H        LINE#              217
	  C:0087D8H        LINE#              217
	  C:0087DBH        LINE#              217
	  C:0087DCH        LINE#              217
	  C:0087DEH        LINE#              217
	  C:0087E1H        LINE#              217
	  C:0087E3H        LINE#              217
	  C:0087E5H        LINE#              219
	  C:0087E7H        LINE#              219
	  C:0087EAH        LINE#              220
	  C:0087ECH        LINE#              224
	  C:0087EEH        LINE#              224
	  C:0087F1H        LINE#              225
	  C:0087F6H        LINE#              225
	  C:0087F8H        LINE#              225
	  C:0087FAH        LINE#              225
	  C:0087FCH        LINE#              225
	  C:0087FEH        LINE#              225
	  C:008800H        LINE#              225
	  C:008802H        LINE#              225
	  C:008804H        LINE#              225
	  C:008806H        LINE#              225
	  C:008808H        LINE#              225
	  C:008809H        LINE#              225
	  C:00880BH        LINE#              225
	  C:00880CH        LINE#              225
	  C:00880DH        LINE#              225
	  C:008810H        LINE#              225
	  C:008812H        LINE#              225
	  C:008814H        LINE#              225
	  C:008816H        LINE#              227
	  C:008819H        LINE#              227
	  C:00881BH        LINE#              227
	  C:00881DH        LINE#              228
	  C:008820H        LINE#              228
	  C:008822H        LINE#              228
	  C:008824H        LINE#              229
	  C:008827H        LINE#              229
	  C:008829H        LINE#              229
	  C:00882BH        LINE#              230
	  C:00882EH        LINE#              230
	  C:008830H        LINE#              230
	  C:008832H        LINE#              230
	  C:008834H        LINE#              230
	  C:008836H        LINE#              230
	  C:008839H        LINE#              230
	  C:00883BH        LINE#              230
	  C:00883EH        LINE#              230
	  C:008840H        LINE#              230
	  C:008843H        LINE#              230
	  C:008844H        LINE#              230
	----------         ENDPROC-ST7        
	----------         PROC-ST7           
	  C:008BB6H        LINE#              237
	  C:008BB8H        LINE#              237
	  C:008BBBH        LINE#              240
	  C:008BBDH        LINE#              240
	  C:008BC0H        LINE#              243
	  C:008BC2H        LINE#              243
	  C:008BC5H        LINE#              246
	  C:008BC7H        LINE#              246
	  C:008BCAH        LINE#              249
	  C:008BCCH        LINE#              249
	  C:008BCFH        LINE#              252
	  C:008BD1H        LINE#              252
	  C:008BD4H        LINE#              255
	  C:008BD6H        LINE#              255
	  C:008BD9H        LINE#              258
	  C:008BDBH        LINE#              258
	  C:008BDEH        LINE#              258
	----------         ENDPROC-ST7        
	----------         PROC-ST7           
	  C:0088E4H        LINE#              261
	  C:0088E6H        LINE#              267
	  C:0088E9H        LINE#              267
	  C:0088EAH        LINE#              267
	  C:0088ECH        LINE#              269
	  C:0088EEH        LINE#              269
	  C:0088F1H        LINE#              270
	  C:0088F3H        LINE#              270
	  C:0088F5H        LINE#              274
	  C:0088F8H        LINE#              274
	  C:0088FAH        LINE#              274
	  C:0088FDH        LINE#              274
	  C:0088FFH        LINE#              277
	  C:008901H        LINE#              277
	  C:008903H        LINE#              277
	  C:008906H        LINE#              277
	  C:008908H        LINE#              277
	  C:008909H        LINE#              277
	  C:00890BH        LINE#              279
	  C:00890DH        LINE#              279
	  C:008910H        LINE#              280
	  C:008912H        LINE#              280
	  C:008914H        LINE#              284
	  C:008916H        LINE#              284
	  C:008918H        LINE#              285
	  C:00891AH        LINE#              285
	  C:00891CH        LINE#              285
	  C:00891FH        LINE#              285
	  C:008921H        LINE#              285
	  C:008923H        LINE#              287
	  C:008924H        LINE#              287
	  C:008926H        LINE#              287
	  C:008927H        LINE#              287
	  C:008928H        LINE#              287
	  C:00892AH        LINE#              287
	  C:00892CH        LINE#              287
	  C:00892EH        LINE#              287
	  C:008930H        LINE#              287
	  C:008931H        LINE#              287
	  C:008935H        LINE#              287
	  C:008937H        LINE#              287
	  C:008938H        LINE#              287
	  C:008939H        LINE#              287
	  C:00893DH        LINE#              287
	  C:00893FH        LINE#              287
	  C:008941H        LINE#              287
	  C:008943H        LINE#              287
	  C:008945H        LINE#              287
	  C:008947H        LINE#              287
	  C:008949H        LINE#              288
	  C:00894AH        LINE#              288
	  C:00894CH        LINE#              288
	  C:00894DH        LINE#              288
	  C:00894EH        LINE#              288
	  C:008950H        LINE#              288
	  C:008952H        LINE#              288
	  C:008954H        LINE#              288
	  C:008956H        LINE#              288
	  C:008957H        LINE#              288
	  C:00895BH        LINE#              288
	  C:00895DH        LINE#              288
	  C:00895EH        LINE#              288
	  C:00895FH        LINE#              288
	  C:008963H        LINE#              288
	  C:008965H        LINE#              288
	  C:008967H        LINE#              288
	  C:00896AH        LINE#              285
	  C:00896CH        LINE#              285
	  C:00896EH        LINE#              285
	  C:008970H        LINE#              290
	  C:008972H        LINE#              290
	  C:008974H        LINE#              290
	----------         ENDPROC-ST7        
	----------         PROC-ST7           
	  C:008B84H        LINE#              295
	  C:008B86H        LINE#              299
	  C:008B89H        LINE#              299
	  C:008B8AH        LINE#              299
	  C:008B8CH        LINE#              301
	  C:008B8EH        LINE#              301
	  C:008B91H        LINE#              302
	  C:008B93H        LINE#              302
	  C:008B95H        LINE#              305
	  C:008B98H        LINE#              305
	  C:008B9AH        LINE#              305
	  C:008B9DH        LINE#              305
	  C:008B9FH        LINE#              306
	  C:008BA0H        LINE#              306
	  C:008BA3H        LINE#              306
	  C:008BA5H        LINE#              306
	  C:008BA8H        LINE#              306
	  C:008BAAH        LINE#              306
	  C:008BACH        LINE#              307
	  C:008BAEH        LINE#              307
	  C:008BB1H        LINE#              308
	  C:008BB3H        LINE#              308
	  C:008BB5H        LINE#              308
	----------         ENDPROC-ST7        
	----------         PROC-ST7           
	  C:0086CFH        LINE#              311
	  C:0086D1H        LINE#              317
	  C:0086D4H        LINE#              317
	  C:0086D6H        LINE#              320
	  C:0086D9H        LINE#              320
	  C:0086DAH        LINE#              320
	  C:0086DCH        LINE#              322
	  C:0086DEH        LINE#              322
	  C:0086E1H        LINE#              323
	  C:0086E3H        LINE#              323
	  C:0086E6H        LINE#              327
	  C:0086E9H        LINE#              327
	  C:0086EBH        LINE#              327
	  C:0086EEH        LINE#              327
	  C:0086F0H        LINE#              330
	  C:0086F2H        LINE#              330
	  C:0086F4H        LINE#              330
	  C:0086F7H        LINE#              330
	  C:0086F9H        LINE#              330
	  C:0086FAH        LINE#              330
	  C:0086FCH        LINE#              332
	  C:0086FEH        LINE#              332
	  C:008701H        LINE#              333
	  C:008703H        LINE#              333
	  C:008706H        LINE#              337
	  C:008709H        LINE#              337
	  C:00870BH        LINE#              338
	  C:00870DH        LINE#              338
	  C:00870FH        LINE#              339
	  C:008711H        LINE#              339
	  C:008713H        LINE#              339
	  C:008715H        LINE#              339
	  C:008717H        LINE#              339
	  C:008719H        LINE#              341
	  C:00871AH        LINE#              341
	  C:00871CH        LINE#              341
	  C:00871DH        LINE#              341
	  C:008720H        LINE#              341
	  C:008723H        LINE#              341
	  C:008724H        LINE#              341
	  C:008726H        LINE#              343
	  C:008729H        LINE#              343
	  C:00872BH        LINE#              346
	  C:00872CH        LINE#              346
	  C:00872EH        LINE#              346
	  C:00872FH        LINE#              346
	  C:008731H        LINE#              346
	  C:008734H        LINE#              346
	  C:008736H        LINE#              346
	  C:008738H        LINE#              346
	  C:00873AH        LINE#              339
	  C:00873CH        LINE#              339
	  C:00873EH        LINE#              339
	  C:008740H        LINE#              350
	  C:008741H        LINE#              350
	  C:008744H        LINE#              350
	  C:008747H        LINE#              350
	  C:008748H        LINE#              350
	  C:00874AH        LINE#              352
	  C:00874DH        LINE#              352
	  C:00874FH        LINE#              355
	  C:008751H        LINE#              355
	  C:008753H        LINE#              355
	  C:008755H        LINE#              357
	  C:008758H        LINE#              357
	  C:00875AH        LINE#              360
	  C:00875DH        LINE#              360
	  C:00875FH        LINE#              360
	  C:008761H        LINE#              362
	  C:008763H        LINE#              362
	  C:008766H        LINE#              363
	  C:008768H        LINE#              363
	  C:00876AH        LINE#              367
	  C:00876CH        LINE#              367
	  C:00876EH        LINE#              367
	  C:00876FH        LINE#              367
	  C:008771H        LINE#              367
	  C:008772H        LINE#              367
	  C:008774H        LINE#              367
	  C:008775H        LINE#              367
	  C:008777H        LINE#              367
	  C:008778H        LINE#              367
	  C:00877BH        LINE#              367
	  C:00877DH        LINE#              367
	  C:00877EH        LINE#              367
	  C:008780H        LINE#              369
	  C:008782H        LINE#              369
	  C:008785H        LINE#              370
	  C:008787H        LINE#              370
	  C:008789H        LINE#              374
	  C:00878BH        LINE#              374
	  C:00878EH        LINE#              375
	  C:008790H        LINE#              375
	  C:008792H        LINE#              375
	----------         ENDPROC-ST7        
	----------         PROC-ST7           
	----------         ENDPROC-ST7        
	----------         PROC-ST7           
	  C:008080H        LINE#              397
	  C:008081H        LINE#              401
	  C:008088H        LINE#              401
	  C:00808BH        LINE#              401
	  C:00808EH        LINE#              401
	  C:008091H        LINE#              401
	  C:008094H        LINE#              401
	  C:008096H        LINE#              401
	  C:008098H        LINE#              401
	  C:00809AH        LINE#              401
	  C:00809CH        LINE#              401
	  C:00809EH        LINE#              401
	  C:0080A0H        LINE#              401
	  C:0080A1H        LINE#              401
	  C:0080A2H        LINE#              401
	  C:0080A5H        LINE#              401
	  C:0080A7H        LINE#              401
	  C:0080A9H        LINE#              401
	  C:0080AAH        LINE#              401
	  C:0080ABH        LINE#              401
	  C:0080ACH        LINE#              401
	  C:0080ADH        LINE#              401
	  C:0080AFH        LINE#              401
	  C:0080B2H        LINE#              401
	  C:0080B5H        LINE#              401
	  C:0080B7H        LINE#              401
	  C:0080B9H        LINE#              401
	  C:0080BBH        LINE#              401
	  C:0080BDH        LINE#              401
	  C:0080BFH        LINE#              401
	  C:0080C1H        LINE#              401
	  C:0080C4H        LINE#              401
	  C:0080C7H        LINE#              401
	  C:0080CAH        LINE#              401
	  C:0080CDH        LINE#              401
	  C:0080D0H        LINE#              401
	  C:0080D3H        LINE#              401
	  C:0080DAH        LINE#              401
	  C:0080DBH        LINE#              401
	  C:0080DCH        LINE#              401
	  C:0080DFH        LINE#              401
	  C:0080E1H        LINE#              401
	  C:0080E3H        LINE#              402
	  C:0080E6H        LINE#              402
	  C:0080E7H        LINE#              402
	  C:0080E9H        LINE#              402
	  C:0080EAH        LINE#              402
	  C:0080ECH        LINE#              402
	  C:0080EDH        LINE#              402
	  C:0080EFH        LINE#              402
	  C:0080F0H        LINE#              402
	  C:0080F2H        LINE#              402
	  C:0080F3H        LINE#              402
	  C:0080F6H        LINE#              402
	  C:0080F8H        LINE#              402
	  C:0080FBH        LINE#              405
	  C:008102H        LINE#              405
	  C:008105H        LINE#              405
	  C:008108H        LINE#              405
	  C:00810BH        LINE#              405
	  C:00810EH        LINE#              405
	  C:008110H        LINE#              405
	  C:008112H        LINE#              405
	  C:008114H        LINE#              405
	  C:008116H        LINE#              405
	  C:008118H        LINE#              405
	  C:00811AH        LINE#              405
	  C:00811BH        LINE#              405
	  C:00811CH        LINE#              405
	  C:00811FH        LINE#              405
	  C:008121H        LINE#              405
	  C:008123H        LINE#              405
	  C:008124H        LINE#              405
	  C:008125H        LINE#              405
	  C:008126H        LINE#              405
	  C:008127H        LINE#              405
	  C:008129H        LINE#              405
	  C:00812CH        LINE#              405
	  C:00812FH        LINE#              405
	  C:008131H        LINE#              405
	  C:008133H        LINE#              405
	  C:008135H        LINE#              405
	  C:008137H        LINE#              405
	  C:008139H        LINE#              405
	  C:00813BH        LINE#              405
	  C:00813EH        LINE#              405
	  C:008141H        LINE#              405
	  C:008144H        LINE#              405
	  C:008147H        LINE#              405
	  C:00814AH        LINE#              405
	  C:00814DH        LINE#              405
	  C:008154H        LINE#              405
	  C:008155H        LINE#              405
	  C:008156H        LINE#              405
	  C:008159H        LINE#              405
	  C:00815BH        LINE#              405
	  C:00815DH        LINE#              406
	  C:008160H        LINE#              406
	  C:008161H        LINE#              406
	  C:008163H        LINE#              406
	  C:008164H        LINE#              406
	  C:008166H        LINE#              406
	  C:008167H        LINE#              406
	  C:008169H        LINE#              406
	  C:00816AH        LINE#              406
	  C:00816CH        LINE#              406
	  C:00816DH        LINE#              406
	  C:008170H        LINE#              406
	  C:008172H        LINE#              406
	  C:008175H        LINE#              409
	  C:008177H        LINE#              409
	  C:008179H        LINE#              409
	  C:00817BH        LINE#              409
	  C:00817DH        LINE#              409
	  C:00817FH        LINE#              409
	  C:008181H        LINE#              409
	  C:008183H        LINE#              409
	  C:008184H        LINE#              409
	  C:008186H        LINE#              409
	  C:008187H        LINE#              409
	  C:008188H        LINE#              409
	  C:008189H        LINE#              409
	  C:00818AH        LINE#              409
	  C:00818CH        LINE#              409
	  C:00818FH        LINE#              409
	  C:008192H        LINE#              409
	  C:008194H        LINE#              409
	  C:008196H        LINE#              409
	  C:008198H        LINE#              409
	  C:00819AH        LINE#              409
	  C:00819CH        LINE#              409
	  C:00819EH        LINE#              409
	  C:0081A1H        LINE#              409
	  C:0081A4H        LINE#              409
	  C:0081A7H        LINE#              409
	  C:0081AAH        LINE#              409
	  C:0081ADH        LINE#              409
	  C:0081B0H        LINE#              409
	  C:0081B7H        LINE#              409
	  C:0081B8H        LINE#              409
	  C:0081B9H        LINE#              409
	  C:0081BCH        LINE#              409
	  C:0081BEH        LINE#              409
	  C:0081C0H        LINE#              411
	  C:0081C2H        LINE#              411
	  C:0081C4H        LINE#              411
	  C:0081C6H        LINE#              411
	  C:0081C8H        LINE#              411
	  C:0081CAH        LINE#              412
	  C:0081CBH        LINE#              412
	  C:0081CDH        LINE#              412
	  C:0081CEH        LINE#              412
	  C:0081D1H        LINE#              412
	  C:0081D2H        LINE#              412
	  C:0081D3H        LINE#              412
	  C:0081D5H        LINE#              412
	  C:0081D6H        LINE#              412
	  C:0081D7H        LINE#              412
	  C:0081D9H        LINE#              412
	  C:0081DBH        LINE#              412
	  C:0081DDH        LINE#              412
	  C:0081DFH        LINE#              412
	  C:0081E0H        LINE#              412
	  C:0081E4H        LINE#              412
	  C:0081E6H        LINE#              412
	  C:0081E7H        LINE#              412
	  C:0081E8H        LINE#              412
	  C:0081E9H        LINE#              412
	  C:0081EDH        LINE#              411
	  C:0081EFH        LINE#              411
	  C:0081F1H        LINE#              411
	  C:0081F3H        LINE#              413
	  C:0081F5H        LINE#              413
	  C:0081F8H        LINE#              417
	  C:0081FFH        LINE#              417
	  C:008202H        LINE#              417
	  C:008205H        LINE#              417
	  C:008208H        LINE#              417
	  C:00820BH        LINE#              417
	  C:00820DH        LINE#              417
	  C:00820FH        LINE#              417
	  C:008211H        LINE#              417
	  C:008213H        LINE#              417
	  C:008215H        LINE#              417
	  C:008217H        LINE#              417
	  C:008218H        LINE#              417
	  C:008219H        LINE#              417
	  C:00821CH        LINE#              417
	  C:00821EH        LINE#              417
	  C:008220H        LINE#              417
	  C:008223H        LINE#              417
	  C:008224H        LINE#              417
	  C:008225H        LINE#              417
	  C:008226H        LINE#              417
	  C:008227H        LINE#              417
	  C:008229H        LINE#              417
	  C:00822CH        LINE#              417
	  C:00822FH        LINE#              417
	  C:008231H        LINE#              417
	  C:008233H        LINE#              417
	  C:008235H        LINE#              417
	  C:008237H        LINE#              417
	  C:008239H        LINE#              417
	  C:00823BH        LINE#              417
	  C:00823EH        LINE#              417
	  C:008241H        LINE#              417
	  C:008244H        LINE#              417
	  C:008247H        LINE#              417
	  C:00824AH        LINE#              417
	  C:00824DH        LINE#              417
	  C:008254H        LINE#              417
	  C:008255H        LINE#              417
	  C:008256H        LINE#              417
	  C:008259H        LINE#              417
	  C:00825BH        LINE#              417
	  C:00825DH        LINE#              419
	  C:00825FH        LINE#              419
	  C:008261H        LINE#              419
	  C:008263H        LINE#              419
	  C:008265H        LINE#              419
	  C:008267H        LINE#              421
	  C:008268H        LINE#              421
	  C:00826AH        LINE#              421
	  C:00826BH        LINE#              421
	  C:00826EH        LINE#              421
	  C:00826FH        LINE#              421
	  C:008270H        LINE#              421
	  C:008272H        LINE#              421
	  C:008273H        LINE#              421
	  C:008274H        LINE#              421
	  C:008276H        LINE#              421
	  C:008278H        LINE#              421
	  C:00827AH        LINE#              421
	  C:00827CH        LINE#              421
	  C:00827DH        LINE#              421
	  C:008281H        LINE#              421
	  C:008283H        LINE#              421
	  C:008286H        LINE#              421
	  C:008289H        LINE#              421
	  C:00828CH        LINE#              421
	  C:00828DH        LINE#              421
	  C:00828FH        LINE#              421
	  C:008290H        LINE#              421
	  C:008292H        LINE#              421
	  C:008293H        LINE#              421
	  C:008295H        LINE#              421
	  C:008297H        LINE#              421
	  C:008299H        LINE#              421
	  C:00829BH        LINE#              421
	  C:00829DH        LINE#              421
	  C:00829EH        LINE#              421
	  C:0082A1H        LINE#              419
	  C:0082A3H        LINE#              419
	  C:0082A5H        LINE#              419
	  C:0082A7H        LINE#              423
	  C:0082A9H        LINE#              423
	  C:0082ABH        LINE#              427
	  C:0082ADH        LINE#              427
	  C:0082AFH        LINE#              427
	----------         ENDPROC-ST7        
	----------         PROC-ST7           
	  C:0082B0H        LINE#              432
	  C:0082B2H        LINE#              433
	  C:0082B4H        LINE#              433
	  C:0082B6H        LINE#              433
	  C:0082B8H        LINE#              433
	  C:0082BAH        LINE#              433
	  C:0082BCH        LINE#              433
	  C:0082BEH        LINE#              433
	  C:0082BFH        LINE#              433
	  C:0082C2H        LINE#              434
	  C:0082C5H        LINE#              434
	  C:0082C7H        LINE#              437
	  C:0082C9H        LINE#              437
	  C:0082CBH        LINE#              438
	  C:0082CEH        LINE#              438
	  C:0082D0H        LINE#              438
	  C:0082D3H        LINE#              438
	  C:0082D5H        LINE#              438
	  C:0082D7H        LINE#              440
	  C:0082DAH        LINE#              440
	  C:0082DCH        LINE#              440
	  C:0082DFH        LINE#              440
	  C:0082E1H        LINE#              442
	  C:0082E3H        LINE#              442
	  C:0082E5H        LINE#              442
	  C:0082E6H        LINE#              442
	  C:0082E8H        LINE#              442
	  C:0082EAH        LINE#              442
	  C:0082ECH        LINE#              444
	  C:0082EEH        LINE#              444
	  C:0082EFH        LINE#              444
	  C:0082F0H        LINE#              444
	  C:0082F2H        LINE#              444
	  C:0082F3H        LINE#              444
	  C:0082F4H        LINE#              445
	  C:0082F6H        LINE#              445
	  C:0082F9H        LINE#              445
	  C:0082FAH        LINE#              445
	  C:0082FCH        LINE#              446
	  C:0082FDH        LINE#              446
	  C:008300H        LINE#              446
	  C:008302H        LINE#              446
	  C:008305H        LINE#              447
	  C:008307H        LINE#              447
	  C:008308H        LINE#              447
	  C:00830AH        LINE#              448
	  C:00830CH        LINE#              448
	  C:00830EH        LINE#              451
	  C:008310H        LINE#              451
	  C:008312H        LINE#              451
	  C:008313H        LINE#              451
	  C:008315H        LINE#              451
	  C:008318H        LINE#              451
	  C:00831AH        LINE#              451
	  C:00831CH        LINE#              451
	  C:00831EH        LINE#              451
	  C:008321H        LINE#              453
	  C:008323H        LINE#              453
	  C:008326H        LINE#              453
	  C:008328H        LINE#              453
	  C:00832DH        LINE#              454
	  C:00832FH        LINE#              454
	  C:008330H        LINE#              454
	  C:008331H        LINE#              454
	  C:008333H        LINE#              454
	  C:008334H        LINE#              454
	  C:008335H        LINE#              455
	  C:008337H        LINE#              455
	  C:00833AH        LINE#              455
	  C:00833BH        LINE#              455
	  C:00833CH        LINE#              455
	  C:008340H        LINE#              455
	  C:008341H        LINE#              455
	  C:008344H        LINE#              455
	  C:008347H        LINE#              455
	  C:008348H        LINE#              455
	  C:00834BH        LINE#              456
	  C:00834DH        LINE#              456
	  C:008350H        LINE#              456
	  C:008351H        LINE#              456
	  C:008352H        LINE#              456
	  C:008356H        LINE#              456
	  C:008357H        LINE#              456
	  C:00835AH        LINE#              456
	  C:00835DH        LINE#              456
	  C:00835EH        LINE#              456
	  C:008361H        LINE#              457
	  C:008363H        LINE#              457
	  C:008366H        LINE#              457
	  C:008367H        LINE#              457
	  C:008368H        LINE#              457
	  C:00836CH        LINE#              457
	  C:00836DH        LINE#              457
	  C:008370H        LINE#              457
	  C:008373H        LINE#              457
	  C:008374H        LINE#              457
	  C:008377H        LINE#              458
	  C:008379H        LINE#              458
	  C:00837CH        LINE#              458
	  C:00837DH        LINE#              458
	  C:00837FH        LINE#              459
	  C:008381H        LINE#              459
	  C:008382H        LINE#              459
	  C:008384H        LINE#              459
	  C:008385H        LINE#              459
	  C:008389H        LINE#              459
	  C:00838CH        LINE#              459
	  C:00838DH        LINE#              459
	  C:008390H        LINE#              460
	  C:008392H        LINE#              460
	  C:008395H        LINE#              460
	  C:008397H        LINE#              461
	  C:008399H        LINE#              461
	  C:00839BH        LINE#              461
	  C:00839DH        LINE#              461
	  C:00839FH        LINE#              461
	  C:0083A1H        LINE#              461
	  C:0083A4H        LINE#              464
	  C:0083A5H        LINE#              464
	  C:0083A7H        LINE#              464
	  C:0083A8H        LINE#              464
	  C:0083A9H        LINE#              464
	  C:0083ACH        LINE#              464
	  C:0083AEH        LINE#              464
	  C:0083B1H        LINE#              464
	  C:0083B3H        LINE#              464
	  C:0083B5H        LINE#              466
	  C:0083B7H        LINE#              466
	  C:0083B8H        LINE#              466
	  C:0083BAH        LINE#              466
	  C:0083BBH        LINE#              466
	  C:0083BDH        LINE#              466
	  C:0083BEH        LINE#              466
	  C:0083C0H        LINE#              466
	  C:0083C1H        LINE#              466
	  C:0083C2H        LINE#              466
	  C:0083C5H        LINE#              466
	  C:0083C8H        LINE#              466
	  C:0083CAH        LINE#              466
	  C:0083CDH        LINE#              466
	  C:0083CFH        LINE#              466
	  C:0083D2H        LINE#              466
	  C:0083D4H        LINE#              467
	  C:0083D6H        LINE#              467
	  C:0083D7H        LINE#              467
	  C:0083D9H        LINE#              467
	  C:0083DAH        LINE#              467
	  C:0083DEH        LINE#              467
	  C:0083E1H        LINE#              467
	  C:0083E2H        LINE#              467
	  C:0083E5H        LINE#              468
	  C:0083E7H        LINE#              468
	  C:0083EAH        LINE#              468
	  C:0083ECH        LINE#              469
	  C:0083EEH        LINE#              469
	  C:0083F0H        LINE#              469
	  C:0083F2H        LINE#              469
	  C:0083F4H        LINE#              469
	  C:0083F6H        LINE#              469
	  C:0083F8H        LINE#              473
	  C:0083FAH        LINE#              473
	  C:0083FCH        LINE#              473
	  C:0083FEH        LINE#              473
	  C:008401H        LINE#              475
	  C:008403H        LINE#              475
	  C:008406H        LINE#              475
	  C:008408H        LINE#              475
	  C:00840DH        LINE#              476
	  C:00840FH        LINE#              476
	  C:008410H        LINE#              476
	  C:008411H        LINE#              476
	  C:008413H        LINE#              476
	  C:008414H        LINE#              476
	  C:008415H        LINE#              477
	  C:008417H        LINE#              477
	  C:00841AH        LINE#              477
	  C:00841BH        LINE#              477
	  C:00841CH        LINE#              477
	  C:008420H        LINE#              477
	  C:008421H        LINE#              477
	  C:008424H        LINE#              477
	  C:008427H        LINE#              477
	  C:008428H        LINE#              477
	  C:00842BH        LINE#              478
	  C:00842DH        LINE#              478
	  C:008430H        LINE#              478
	  C:008431H        LINE#              478
	  C:008432H        LINE#              478
	  C:008436H        LINE#              478
	  C:008437H        LINE#              478
	  C:00843AH        LINE#              478
	  C:00843DH        LINE#              478
	  C:00843EH        LINE#              478
	  C:008441H        LINE#              479
	  C:008443H        LINE#              479
	  C:008446H        LINE#              479
	  C:008447H        LINE#              479
	  C:008448H        LINE#              479
	  C:00844CH        LINE#              479
	  C:00844DH        LINE#              479
	  C:008450H        LINE#              479
	  C:008453H        LINE#              479
	  C:008454H        LINE#              479
	  C:008457H        LINE#              480
	  C:008459H        LINE#              480
	  C:00845CH        LINE#              480
	  C:00845DH        LINE#              480
	  C:00845FH        LINE#              481
	  C:008461H        LINE#              481
	  C:008462H        LINE#              481
	  C:008464H        LINE#              481
	  C:008465H        LINE#              481
	  C:008469H        LINE#              481
	  C:00846CH        LINE#              481
	  C:00846DH        LINE#              481
	  C:008470H        LINE#              482
	  C:008472H        LINE#              482
	  C:008475H        LINE#              482
	  C:008477H        LINE#              483
	  C:008479H        LINE#              483
	  C:00847BH        LINE#              483
	  C:00847DH        LINE#              483
	  C:00847FH        LINE#              483
	  C:008481H        LINE#              483
	  C:008484H        LINE#              487
	  C:008486H        LINE#              487
	  C:008488H        LINE#              489
	  C:00848AH        LINE#              489
	  C:00848BH        LINE#              489
	  C:00848CH        LINE#              489
	  C:00848EH        LINE#              489
	  C:00848FH        LINE#              489
	  C:008490H        LINE#              490
	  C:008492H        LINE#              490
	  C:008495H        LINE#              490
	  C:008496H        LINE#              490
	  C:008498H        LINE#              491
	  C:008499H        LINE#              491
	  C:00849CH        LINE#              491
	  C:00849EH        LINE#              491
	  C:0084A1H        LINE#              492
	  C:0084A3H        LINE#              492
	  C:0084A4H        LINE#              492
	  C:0084A6H        LINE#              493
	  C:0084A8H        LINE#              493
	  C:0084AAH        LINE#              496
	  C:0084ACH        LINE#              496
	  C:0084AEH        LINE#              496
	----------         ENDPROC-ST7        
	----------         PROC-ST7           
	  C:008B1EH        LINE#              500
	  C:008B22H        LINE#              500
	  C:008B24H        LINE#              503
	  C:008B28H        LINE#              505
	  C:008B2CH        LINE#              509
	  C:008B30H        LINE#              510
	  C:008B34H        LINE#              511
	  C:008B38H        LINE#              512
	  C:008B3CH        LINE#              513
	  C:008B40H        LINE#              514
	  C:008B44H        LINE#              515
	  C:008B48H        LINE#              516
	  C:008B4CH        LINE#              517
	  C:008B50H        LINE#              517
	----------         ENDPROC-ST7        
	----------         PROC-ST7           
	  C:008A02H        LINE#              559
	  C:008A04H        LINE#              559
	  C:008A07H        LINE#              559
	  C:008A09H        LINE#              559
	  C:008A0EH        LINE#              562
	  C:008A10H        LINE#              562
	  C:008A13H        LINE#              562
	  C:008A15H        LINE#              562
	  C:008A1AH        LINE#              563
	  C:008A1CH        LINE#              563
	  C:008A1FH        LINE#              563
	  C:008A21H        LINE#              563
	  C:008A26H        LINE#              566
	  C:008A28H        LINE#              566
	  C:008A2BH        LINE#              566
	  C:008A2DH        LINE#              566
	  C:008A32H        LINE#              570
	  C:008A34H        LINE#              570
	  C:008A37H        LINE#              570
	  C:008A39H        LINE#              570
	  C:008A3EH        LINE#              573
	  C:008A40H        LINE#              573
	  C:008A43H        LINE#              573
	  C:008A45H        LINE#              573
	  C:008A4AH        LINE#              576
	  C:008A4EH        LINE#              577
	  C:008A52H        LINE#              577
	----------         ENDPROC-ST7        
	----------         PROC-ST7           
	  C:008A99H        LINE#              582
	  C:008A9AH        LINE#              582
	  C:008A9BH        LINE#              613
	  C:008A9EH        LINE#              613
	  C:008AA0H        LINE#              614
	  C:008AA1H        LINE#              614
	  C:008AA3H        LINE#              614
	  C:008AA4H        LINE#              614
	  C:008AA6H        LINE#              614
	  C:008AABH        LINE#              614
	  C:008AAEH        LINE#              614
	  C:008AB0H        LINE#              614
	  C:008AB2H        LINE#              614
	  C:008AB5H        LINE#              614
	  C:008AB7H        LINE#              614
	  C:008AB9H        LINE#              616
	  C:008ABBH        LINE#              616
	  C:008ABEH        LINE#              618
	  C:008AC1H        LINE#              618
	  C:008AC3H        LINE#              619
	  C:008AC5H        LINE#              619
	  C:008AC7H        LINE#              619
	  C:008ACCH        LINE#              619
	  C:008ACFH        LINE#              619
	  C:008AD1H        LINE#              619
	  C:008AD3H        LINE#              619
	  C:008AD6H        LINE#              619
	  C:008AD8H        LINE#              619
	  C:008ADAH        LINE#              619
	  C:008ADBH        LINE#              619
	----------         ENDPROC-ST7        
	----------         PROC-ST7           
	  C:008A53H        LINE#              623
	  C:008A54H        LINE#              623
	  C:008A55H        LINE#              678
	  C:008A58H        LINE#              678
	  C:008A5AH        LINE#              679
	  C:008A5CH        LINE#              679
	  C:008A5EH        LINE#              679
	  C:008A63H        LINE#              679
	  C:008A66H        LINE#              679
	  C:008A68H        LINE#              679
	  C:008A6AH        LINE#              679
	  C:008A6DH        LINE#              679
	  C:008A6FH        LINE#              679
	  C:008A71H        LINE#              681
	  C:008A73H        LINE#              681
	  C:008A75H        LINE#              681
	  C:008A76H        LINE#              681
	  C:008A78H        LINE#              681
	  C:008A7AH        LINE#              681
	  C:008A7CH        LINE#              681
	  C:008A7DH        LINE#              681
	  C:008A7FH        LINE#              684
	  C:008A81H        LINE#              684
	  C:008A84H        LINE#              684
	  C:008A85H        LINE#              686
	  C:008A87H        LINE#              686
	  C:008A8AH        LINE#              688
	  C:008A8CH        LINE#              688
	  C:008A8EH        LINE#              691
	  C:008A90H        LINE#              691
	  C:008A93H        LINE#              691
	  C:008A94H        LINE#              693
	  C:008A96H        LINE#              693
	  C:008A98H        LINE#              693
	----------         ENDPROC-ST7        
	----------         PROC-ST7           
	  C:008C2AH        LINE#              698
	  C:008C2BH        LINE#              698
	  C:008C2CH        LINE#              700
	  C:008C2DH        LINE#              700
	  C:008C30H        LINE#              700
	  C:008C33H        LINE#              701
	  C:008C35H        LINE#              701
	  C:008C37H        LINE#              701
	  C:008C39H        LINE#              703
	  C:008C3BH        LINE#              703
	  C:008C3DH        LINE#              705
	  C:008C3FH        LINE#              705
	  C:008C40H        LINE#              705
	----------         ENDPROC-ST7        
	----------         PROC-ST7           
	  C:0084AFH        LINE#              708
	  C:0084B0H        LINE#              709
	  C:0084B2H        LINE#              709
	  C:0084B4H        LINE#              712
	  C:0084B7H        LINE#              712
	  C:0084B8H        LINE#              712
	  C:0084BBH        LINE#              712
	  C:0084BCH        LINE#              712
	  C:0084BFH        LINE#              712
	  C:0084C0H        LINE#              712
	  C:0084C3H        LINE#              712
	  C:0084C4H        LINE#              712
	  C:0084C6H        LINE#              713
	  C:0084C8H        LINE#              713
	  C:0084CAH        LINE#              714
	  C:0084CDH        LINE#              714
	  C:0084CEH        LINE#              714
	  C:0084D1H        LINE#              714
	  C:0084D2H        LINE#              714
	  C:0084D5H        LINE#              714
	  C:0084D6H        LINE#              714
	  C:0084D9H        LINE#              714
	  C:0084DAH        LINE#              714
	  C:0084DCH        LINE#              715
	  C:0084DEH        LINE#              715
	  C:0084E0H        LINE#              716
	  C:0084E3H        LINE#              716
	  C:0084E4H        LINE#              716
	  C:0084E7H        LINE#              716
	  C:0084E8H        LINE#              716
	  C:0084EBH        LINE#              716
	  C:0084ECH        LINE#              716
	  C:0084EFH        LINE#              716
	  C:0084F0H        LINE#              716
	  C:0084F2H        LINE#              717
	  C:0084F4H        LINE#              717
	  C:0084F6H        LINE#              718
	  C:0084F9H        LINE#              718
	  C:0084FAH        LINE#              718
	  C:0084FDH        LINE#              718
	  C:0084FEH        LINE#              718
	  C:008501H        LINE#              718
	  C:008502H        LINE#              718
	  C:008505H        LINE#              718
	  C:008506H        LINE#              718
	  C:008508H        LINE#              719
	  C:00850AH        LINE#              719
	  C:00850CH        LINE#              722
	  C:00850FH        LINE#              722
	  C:008510H        LINE#              722
	  C:008513H        LINE#              722
	  C:008514H        LINE#              722
	  C:008517H        LINE#              722
	  C:008518H        LINE#              722
	  C:00851BH        LINE#              722
	  C:00851CH        LINE#              722
	  C:00851EH        LINE#              723
	  C:008520H        LINE#              723
	  C:008522H        LINE#              726
	  C:008525H        LINE#              726
	  C:008526H        LINE#              726
	  C:008529H        LINE#              726
	  C:00852CH        LINE#              726
	  C:00852EH        LINE#              726
	  C:00852FH        LINE#              726
	  C:008531H        LINE#              726
	  C:008533H        LINE#              726
	  C:008536H        LINE#              726
	  C:008537H        LINE#              726
	  C:00853AH        LINE#              726
	  C:00853DH        LINE#              726
	  C:00853FH        LINE#              726
	  C:008540H        LINE#              726
	  C:008542H        LINE#              726
	  C:008544H        LINE#              726
	  C:008547H        LINE#              726
	  C:008548H        LINE#              726
	  C:00854BH        LINE#              726
	  C:00854EH        LINE#              726
	  C:008550H        LINE#              726
	  C:008551H        LINE#              726
	  C:008553H        LINE#              726
	  C:008555H        LINE#              726
	  C:008558H        LINE#              726
	  C:008559H        LINE#              726
	  C:00855CH        LINE#              726
	  C:00855FH        LINE#              726
	  C:008561H        LINE#              726
	  C:008562H        LINE#              726
	  C:008564H        LINE#              726
	  C:008566H        LINE#              726
	  C:008569H        LINE#              726
	  C:00856AH        LINE#              726
	  C:00856DH        LINE#              726
	  C:008570H        LINE#              726
	  C:008572H        LINE#              726
	  C:008573H        LINE#              726
	  C:008575H        LINE#              726
	  C:008578H        LINE#              726
	  C:008579H        LINE#              726
	  C:00857BH        LINE#              726
	  C:00857DH        LINE#              726
	  C:00857FH        LINE#              726
	  C:008580H        LINE#              726
	  C:008582H        LINE#              726
	  C:008584H        LINE#              726
	  C:008586H        LINE#              726
	  C:008587H        LINE#              726
	  C:008589H        LINE#              726
	  C:00858AH        LINE#              726
	  C:00858CH        LINE#              726
	  C:00858EH        LINE#              726
	  C:008590H        LINE#              726
	  C:008591H        LINE#              726
	  C:008593H        LINE#              726
	  C:008595H        LINE#              726
	  C:008597H        LINE#              726
	  C:008598H        LINE#              726
	  C:00859AH        LINE#              726
	  C:00859BH        LINE#              726
	  C:00859DH        LINE#              726
	  C:00859FH        LINE#              726
	  C:0085A1H        LINE#              726
	  C:0085A2H        LINE#              726
	  C:0085A4H        LINE#              726
	  C:0085A6H        LINE#              726
	  C:0085A8H        LINE#              726
	  C:0085A9H        LINE#              726
	  C:0085ABH        LINE#              726
	  C:0085ACH        LINE#              726
	  C:0085AEH        LINE#              726
	  C:0085B0H        LINE#              726
	  C:0085B2H        LINE#              726
	  C:0085B3H        LINE#              726
	  C:0085B5H        LINE#              726
	  C:0085B7H        LINE#              726
	  C:0085B9H        LINE#              726
	  C:0085BAH        LINE#              726
	  C:0085BCH        LINE#              726
	  C:0085BEH        LINE#              726
	  C:0085C0H        LINE#              727
	  C:0085C2H        LINE#              727
	  C:0085C4H        LINE#              729
	  C:0085C7H        LINE#              729
	  C:0085CAH        LINE#              729
	  C:0085CDH        LINE#              736
	  C:0085CFH        LINE#              736
	  C:0085D1H        LINE#              737
	  C:0085D3H        LINE#              737
	  C:0085D5H        LINE#              740
	  C:0085D7H        LINE#              740
	  C:0085DAH        LINE#              741
	  C:0085DCH        LINE#              741
	  C:0085DEH        LINE#              741
	----------         ENDPROC-ST7        
	----------         PROC-ST7           
	  C:008845H        LINE#              744
	  C:008846H        LINE#              744
	  C:008847H        LINE#              745
	  C:00884AH        LINE#              745
	  C:00884CH        LINE#              748
	  C:00884FH        LINE#              748
	  C:008852H        LINE#              748
	  C:008853H        LINE#              748
	  C:008855H        LINE#              749
	  C:008858H        LINE#              749
	  C:00885AH        LINE#              752
	  C:00885DH        LINE#              752
	  C:00885FH        LINE#              752
	  C:008862H        LINE#              752
	  C:008863H        LINE#              752
	  C:008866H        LINE#              752
	  C:008868H        LINE#              752
	  C:00886BH        LINE#              752
	  C:00886DH        LINE#              753
	  C:008870H        LINE#              753
	  C:008872H        LINE#              757
	  C:008874H        LINE#              757
	  C:008876H        LINE#              760
	  C:008879H        LINE#              760
	  C:00887AH        LINE#              760
	  C:00887DH        LINE#              760
	  C:00887EH        LINE#              760
	  C:008881H        LINE#              760
	  C:008882H        LINE#              760
	  C:008885H        LINE#              760
	  C:008886H        LINE#              760
	  C:008888H        LINE#              761
	  C:00888BH        LINE#              761
	  C:00888DH        LINE#              764
	  C:008890H        LINE#              764
	  C:008891H        LINE#              764
	  C:008894H        LINE#              764
	  C:008897H        LINE#              764
	  C:008899H        LINE#              764
	  C:00889AH        LINE#              764
	  C:00889CH        LINE#              764
	  C:00889EH        LINE#              764
	  C:0088A1H        LINE#              764
	  C:0088A2H        LINE#              764
	  C:0088A5H        LINE#              764
	  C:0088A8H        LINE#              764
	  C:0088AAH        LINE#              764
	  C:0088ABH        LINE#              764
	  C:0088ADH        LINE#              764
	  C:0088B0H        LINE#              764
	  C:0088B1H        LINE#              764
	  C:0088B3H        LINE#              764
	  C:0088B5H        LINE#              764
	  C:0088B7H        LINE#              764
	  C:0088B8H        LINE#              764
	  C:0088BAH        LINE#              764
	  C:0088BCH        LINE#              764
	  C:0088BEH        LINE#              764
	  C:0088BFH        LINE#              764
	  C:0088C1H        LINE#              764
	  C:0088C4H        LINE#              764
	  C:0088C6H        LINE#              764
	  C:0088C8H        LINE#              765
	  C:0088CBH        LINE#              765
	  C:0088CDH        LINE#              767
	  C:0088D0H        LINE#              767
	  C:0088D3H        LINE#              767
	  C:0088D6H        LINE#              771
	  C:0088D8H        LINE#              771
	  C:0088DAH        LINE#              772
	  C:0088DCH        LINE#              772
	  C:0088DFH        LINE#              774
	  C:0088E1H        LINE#              774
	  C:0088E3H        LINE#              774
	----------         ENDPROC-ST7        
	----------         PROC-ST7           
	  C:008D01H        LINE#              779
	  C:008D05H        LINE#              780
	  C:008D09H        LINE#              780
	----------         ENDPROC-ST7        
	----------         PROC-ST7           
	  C:008D0AH        LINE#              785
	  C:008D0EH        LINE#              786
	  C:008D12H        LINE#              786
	----------         ENDPROC-ST7        
	----------         PROC-ST7           
	  C:00008BH        LINE#              798
	  C:00008CH        LINE#              798
	  C:00008EH        LINE#              803
	  C:000091H        LINE#              803
	  C:000093H        LINE#              804
	  C:000094H        LINE#              804
	  C:000096H        LINE#              804
	  C:000098H        LINE#              808
	  C:00009AH        LINE#              808
	  C:00009CH        LINE#              810
	  C:00009FH        LINE#              810
	  C:0000A1H        LINE#              810
	  C:0000A4H        LINE#              810
	  C:0000A6H        LINE#              810
	  C:0000A8H        LINE#              814
	  C:0000ABH        LINE#              814
	  C:0000ADH        LINE#              814
	  C:0000B0H        LINE#              814
	  C:0000B2H        LINE#              818
	  C:0000B4H        LINE#              818
	  C:0000B5H        LINE#              818
	  C:0000B7H        LINE#              818
	  C:0000B8H        LINE#              818
	  C:0000BCH        LINE#              818
	  C:0000BEH        LINE#              818
	  C:0000C0H        LINE#              818
	  C:0000C1H        LINE#              818
	  C:0000C3H        LINE#              818
	  C:0000C6H        LINE#              818
	  C:0000C9H        LINE#              818
	  C:0000CBH        LINE#              818
	  C:0000CEH        LINE#              821
	  C:0000D0H        LINE#              821
	  C:0000D3H        LINE#              821
	  C:0000D5H        LINE#              821
	  C:0000DAH        LINE#              824
	  C:0000DDH        LINE#              824
	  C:0000DFH        LINE#              826
	  C:0000E1H        LINE#              826
	  C:0000E3H        LINE#              826
	  C:0000E5H        LINE#              826
	  C:0000E8H        LINE#              826
	  C:0000E9H        LINE#              826
	  C:0000EBH        LINE#              826
	  C:0000EDH        LINE#              826
	  C:0000EFH        LINE#              826
	  C:0000F0H        LINE#              826
	  C:0000F3H        LINE#              824
	  C:0000F5H        LINE#              824
	  C:0000F6H        LINE#              824
	  C:0000F8H        LINE#              824
	  C:0000F9H        LINE#              824
	  C:0000FCH        LINE#              824
	  C:0000FEH        LINE#              824
	  C:000100H        LINE#              824
	  C:000102H        LINE#              824
	----------         ENDPROC-ST7        
	----------         PROC-ST7           
	  C:008ADCH        LINE#              844
	  C:008ADDH        LINE#              844
	  C:008ADEH        LINE#              844
	  C:008ADFH        LINE#              847
	  C:008AE1H        LINE#              847
	  C:008AE4H        LINE#              847
	  C:008AE6H        LINE#              847
	  C:008AEBH        LINE#              850
	  C:008AEDH        LINE#              850
	  C:008AEFH        LINE#              850
	  C:008AF0H        LINE#              851
	  C:008AF1H        LINE#              851
	  C:008AF3H        LINE#              851
	  C:008AF4H        LINE#              851
	  C:008AF5H        LINE#              851
	  C:008AF6H        LINE#              851
	  C:008AF8H        LINE#              851
	  C:008AFBH        LINE#              851
	  C:008AFCH        LINE#              857
	  C:008AFFH        LINE#              857
	  C:008B01H        LINE#              858
	  C:008B03H        LINE#              858
	  C:008B05H        LINE#              858
	  C:008B06H        LINE#              858
	  C:008B08H        LINE#              858
	  C:008B0BH        LINE#              858
	  C:008B0DH        LINE#              858
	  C:008B0FH        LINE#              862
	  C:008B11H        LINE#              862
	  C:008B14H        LINE#              862
	  C:008B16H        LINE#              862
	  C:008B1BH        LINE#              862
	  C:008B1DH        LINE#              862
	----------         ENDPROC-ST7        
	----------         PROC-ST7           
	----------         ENDPROC-ST7        
	----------         PROC-ST7           
	----------         ENDPROC-ST7        
	----------         EndModule-ST7      
	----------         TranslatorMod-ST7  CHARTOL
	  C:008CB8H        PUBLIC             ?C?uchartol
	  C:008CB0H        PUBLIC             ?C?chartol
	----------         PROC-ST7           
	----------         ENDPROC-ST7        
	----------         EndModule-ST7      
	----------         TranslatorMod-ST7  ACCIX328
	  C:008BFAH        PUBLIC             ?C?accix328
	----------         PROC-ST7           
	----------         ENDPROC-ST7        
	----------         EndModule-ST7      
	----------         TranslatorMod-ST7  ADD3232
	  C:008C86H        PUBLIC             ?C?add3232
	----------         PROC-ST7           
	----------         ENDPROC-ST7        
	----------         EndModule-ST7      
	----------         TranslatorMod-ST7  DIVS3232
	----------         TranslatorMod-ST7  DIVS3232
	----------         PROC-ST7           
	----------         ENDPROC-ST7        
	----------         EndModule-ST7      
	----------         TranslatorMod-ST7  DIVU3232
	----------         TranslatorMod-ST7  DIVU3232
	----------         TranslatorMod-ST7  DIVU3232
	----------         TranslatorMod-ST7  DIVU3232
	----------         PROC-ST7           
	----------         ENDPROC-ST7        
	----------         EndModule-ST7      
	----------         TranslatorMod-ST7  SUBIX32
	  C:008C12H        PUBLIC             ?C?subix32
	----------         PROC-ST7           
	----------         ENDPROC-ST7        
	----------         EndModule-ST7      
	----------         TranslatorMod-ST7  ADDIX32
	  C:008C18H        PUBLIC             ?C?addix32
	----------         PROC-ST7           
	----------         ENDPROC-ST7        
	----------         EndModule-ST7      
	----------         TranslatorMod-ST7  IX32
	  C:008C1EH        PUBLIC             _?lix_entry?
	----------         PROC-ST7           
	----------         ENDPROC-ST7        
	----------         EndModule-ST7      
	----------         TranslatorMod-ST7  MULU3232
	  C:008975H        PUBLIC             ?C?mulu3232
	----------         PROC-ST7           
	----------         ENDPROC-ST7        
	----------         EndModule-ST7      
	----------         TranslatorMod-ST7  MV4_BC2ISA
	  C:008C41H        PUBLIC             ?C?mv4_bc2isa
	----------         PROC-ST7           
	----------         ENDPROC-ST7        
	----------         EndModule-ST7      
	----------         TranslatorMod-ST7  MV4_BC2SK
	  C:008CD4H        PUBLIC             ?C?mv4_bc2sk
	----------         PROC-ST7           
	----------         ENDPROC-ST7        
	----------         EndModule-ST7      
	----------         TranslatorMod-ST7  MV4_ISA2BC
	  C:008C58H        PUBLIC             ?C?mv4_isa2bc
	----------         PROC-ST7           
	----------         ENDPROC-ST7        
	----------         EndModule-ST7      
	----------         TranslatorMod-ST7  MV4_PG2BC
	  C:008CC2H        PUBLIC             ?C?mv4_pg2bc
	----------         PROC-ST7           
	----------         ENDPROC-ST7        
	----------         EndModule-ST7      
	----------         TranslatorMod-ST7  MV4_PG2IX1
	  C:008CE8H        PUBLIC             ?C?mv4_pg2ix1
	  C:008CE5H        PUBLIC             ?C?mv4_pg2bc1
	----------         PROC-ST7           
	----------         ENDPROC-ST7        
	----------         EndModule-ST7      
	----------         TranslatorMod-ST7  MV4_PG2SK1
	  C:008D13H        PUBLIC             ?C?mv4_pg2sk1
	----------         PROC-ST7           
	----------         ENDPROC-ST7        
	----------         EndModule-ST7      
	----------         TranslatorMod-ST7  NEG32
	----------         TranslatorMod-ST7  NEG32
	----------         PROC-ST7           
	----------         ENDPROC-ST7        
	----------         EndModule-ST7      
	----------         TranslatorMod-ST7  SUB3232
	  C:008C6FH        PUBLIC             ?C?sub3232
	----------         PROC-ST7           
	----------         ENDPROC-ST7        
	----------         EndModule-ST7      
	----------         TranslatorMod-ST7  SRL328
	  C:008BE0H        PUBLIC             ?C?srl328
	----------         PROC-ST7           
	----------         ENDPROC-ST7        
	----------         EndModule-ST7      
	----------         TranslatorMod-ST7  CPU3232IX
	  C:008CF5H        PUBLIC             ?C?cpu3232ix
	----------         PROC-ST7           
	----------         ENDPROC-ST7        
	----------         EndModule-ST7      
	----------         TranslatorMod-ST7  _MEMCPY
	----------         TranslatorMod-ST7  _MEMCPY
	----------         PROC-ST7           
	----------         ENDPROC-ST7        
	----------         EndModule-ST7      
	----------         TranslatorMod-ST7  REGISTERS
	  D:000000H        PUBLIC             ?BH
	  D:000002H        PUBLIC             ?CH
	  D:000001H        PUBLIC             ?BL
	  D:000003H        PUBLIC             ?CL
	----------         EndModule-ST7      
	----------         TranslatorMod-ST7  STARTUP_V_Z
	  C:008B51H        PUBLIC             CST7_START_V_Z
	----------         PROC-ST7           
	----------         ENDPROC-ST7        
	----------         PROC-ST7           
	----------         ENDPROC-ST7        
	----------         PROC-ST7           
	----------         ENDPROC-ST7        
	----------         PROC-ST7           
	----------         ENDPROC-ST7        
	----------         EndModule-ST7      
	----------         TranslatorMod-ST7  MEMCPY
	  C:008C9CH        PUBLIC             ?memcpy
	----------         PROC-ST7           
	----------         ENDPROC-ST7        
	----------         EndModule-ST7      
	----------         TranslatorMod-ST7  ?STATINIT
	  C:008D1CH        PUBLIC             ?C_INITSEGSTART
	----------         PROC-ST7           
	----------         ENDPROC-ST7        
	----------         EndModule-ST7      

----------------------
SUGGESTED OPTIMIZATION
----------------------
Warning: 252 (FCH) data bytes in the range [00H-FFH] are available for storage.
         Consider using some of these for 'page0' variables in your source files.


LINK/LOCATE RUN COMPLETE, 4 WARNINGS FOUND.