MACRO ASSEMBLER STM8A_INTERRUPT                    11/25/10 11:14:38 PAGE     1


DOS MACRO ASSEMBLER MASTM8 V2.30.10.175
OBJECT MODULE PLACED IN C:\DOCUMENTS AND SETTINGS\JEROME SEMETTE\DESKTOP\AN2659-STM8_IAP_USING_USER-BOOTLOADER\PROJECT\STM8A_USER-BOOTLOADER_EXAMPLE\RIDE\STM8A_INTERRUPT.OBJ
ASSEMBLER INVOKED BY: MODESTM8 QUIET EP CS DB OJ(C:\DOCUMENTS AND SETTINGS\JEROME SEMETTE\DESKTOP\AN2659-STM8_IAP_USING_USER-BOOTLOADER\PROJECT\STM8A_USER-BOOTLOADER_EXAMPLE\RIDE\STM8A_INTERRUPT.OBJ) PIN(C:\PROGRAM FILES\RAISONANCE\RIDE\INC;C:\PROGRAM FILES\RAISONANCE\RIDE\INC\ST7;..\INC) PR(C:\DOCUMENTS AND SETTINGS\JEROME SEMETTE\DESKTOP\AN2659-STM8_IAP_USING_USER-BOOTLOADER\PROJECT\STM8A_USER-BOOTLOADER_EXAMPLE\RIDE\STM8A_INTERRUPT.LST) XR GENERATEDEPFILE 

LOC      OBJ            LINE     SOURCE
                           1     ;This file contains the values to program in interrupt vector table.
                           2     
------ ------------        3     cseg at 08004h
                           4     
8004   82                  5     db 082h ;Trap interrupt vector
8005   00                  6     db 000h 
8006   90                  7     db 090h 
8007   04                  8     db 004h 
                           9     
8008   82                 10     db 082h 
8009   00                 11     db 000h 
800A   90                 12     db 090h 
800B   08                 13     db 008h 
                          14     
800C   82                 15     db 082h 
800D   00                 16     db 000h 
800E   90                 17     db 090h 
800F   0C                 18     db 00Ch 
                          19     
8010   82                 20     db 082h 
8011   00                 21     db 000h 
8012   90                 22     db 090h 
8013   10                 23     db 010h 
                          24     
8014   82                 25     db 082h 
8015   00                 26     db 000h 
8016   90                 27     db 090h 
8017   14                 28     db 014h  
                          29     
8018   82                 30     db 082h 
8019   00                 31     db 000h 
801A   90                 32     db 090h 
801B   18                 33     db 018h 
                          34     
801C   82                 35     db 082h 
801D   00                 36     db 000h 
801E   90                 37     db 090h 
801F   1C                 38     db 01Ch  
                          39     
8020   82                 40     db 082h 
8021   00                 41     db 000h 
8022   90                 42     db 090h 
8023   20                 43     db 020h  
                          44     
8024   82                 45     db 082h 
8025   00                 46     db 000h 
8026   90                 47     db 090h 
8027   24                 48     db 024h  
                          49     
8028   82                 50     db 082h 
8029   00                 51     db 000h 
802A   90                 52     db 090h 
802B   28                 53     db 028h  
                          54     
802C   82                 55     db 082h 
802D   00                 56     db 000h 
802E   90                 57     db 090h 
802F   2C                 58     db 02Ch
                          59     
8030   82                 60     db 082h 
8031   00                 61     db 000h 
8032   90                 62     db 090h 
8033   30                 63     db 030h
                          64     
8034   82                 65     db 082h 
8035   00                 66     db 000h 
8036   90                 67     db 090h 
8037   34                 68     db 034h
                          69     
8038   82                 70     db 082h 
8039   00                 71     db 000h 
803A   90                 72     db 090h 
803B   38                 73     db 038h
                          74     
803C   82                 75     db 082h 
803D   00                 76     db 000h 
803E   90                 77     db 090h 
803F   3C                 78     db 03Ch
                          79     
8040   82                 80     db 082h 
8041   00                 81     db 000h 
8042   90                 82     db 090h 
8043   40                 83     db 040h
                          84     
8044   82                 85     db 082h 
8045   00                 86     db 000h 
8046   90                 87     db 090h 
8047   44                 88     db 044h
                          89     
8048   82                 90     db 082h 
8049   00                 91     db 000h 
804A   90                 92     db 090h 
804B   48                 93     db 048h
                          94     
804C   82                 95     db 082h 
804D   00                 96     db 000h 
804E   90                 97     db 090h 
804F   4C                 98     db 04Ch
                          99     
8050   82                100     db 082h 
8051   00                101     db 000h 
8052   90                102     db 090h 
8053   50                103     db 050h
                         104     
8054   82                105     db 082h 
8055   00                106     db 000h 
8056   90                107     db 090h 
8057   54                108     db 054h
                         109     
8058   82                110     db 082h 
8059   00                111     db 000h 
805A   90                112     db 090h 
805B   58                113     db 058h
                         114     
805C   82                115     db 082h 
805D   00                116     db 000h 
805E   90                117     db 090h 
805F   5C                118     db 05Ch
                         119     
8060   82                120     db 082h 
8061   00                121     db 000h 
8062   90                122     db 090h 
8063   60                123     db 060h
                         124     
8064   82                125     db 082h 
8065   00                126     db 000h 
8066   90                127     db 090h 
8067   64                128     db 064h
                         129     
8068   82                130     db 082h 
8069   00                131     db 000h 
806A   90                132     db 090h 
806B   68                133     db 068h
                         134     
806C   82                135     db 082h 
806D   00                136     db 000h 
806E   90                137     db 090h 
806F   6C                138     db 06Ch
                         139     
8070   82                140     db 082h 
8071   00                141     db 000h 
8072   90                142     db 090h 
8073   70                143     db 070h
                         144     
8074   82                145     db 082h 
8075   00                146     db 000h 
8076   90                147     db 090h 
8077   74                148     db 074h
                         149     
8078   82                150     db 082h 
8079   00                151     db 000h 
807A   90                152     db 090h 
807B   78                153     db 078h
                         154     
807C   82                155     db 082h 
807D   00                156     db 000h 
807E   90                157     db 090h 
807F   7C                158     db 07Ch
                         159     end
MACRO ASSEMBLER STM8A_INTERRUPT                    11/25/10 11:14:38 PAGE     2


SYMBOL TABLE LISTING
------ ----- -------


N A M E             T Y P E  V A L U E   ATTRIBUTES             REFERENCES

STM8A_INTERRUPT. .  N   NUMB -------



MODULE INFORMATION:   STATIC OVERLAYABLE
   CODE SIZE      =     124    ----
   DATA SIZE      =    ----    ----
   BIT SIZE       =    ----    ----
END OF MODULE INFORMATION.



ASSEMBLY COMPLETE.   0 WARNING(S)   0 ERROR(S)
