RLSTM8 LINKER/LOCATOR V2.30.10.175

INVOKED BY:
C:\Program Files\Raisonance\Ride\Bin\RLSTM8.EXE -CP 
C:\DOCUMENTS AND SETTINGS\JEROME SEMETTE\DESKTOP\AN2659-STM8_IAP_USING_USER-BOOTLOADER\PROJECT\STM8A_USER-BOOTLOADER_EXAMPLE\RIDE\STM8A_INTERRUPT.OBJ,C:\DOCUMENTS AND SETTINGS\JEROME SEMETTE\DESKTOP\AN2659-STM8_IAP_USING_USER-BOOTLOADER\PROJECT\STM8A_USER-BOOTLOADER_EXAMPLE\RIDE\STM8A_OB.OBJ,C:\DOCUMENTS AND SETTINGS\JEROME SEMETTE\DESKTOP\AN2659-STM8_IAP_USING_USER-BOOTLOADER\PROJECT\STM8A_USER-BOOTLOADER_EXAMPLE\RIDE\MAIN.OBJ 
TO(C:\DOCUMENTS AND SETTINGS\JEROME SEMETTE\DESKTOP\AN2659-STM8_IAP_USING_USER-BOOTLOADER\PROJECT\STM8A_USER-BOOTLOADER_EXAMPLE\RIDE\STM8BOOTLOADER.AOF) 
LIBPATH(C:\PROGRAM FILES\RAISONANCE\RIDE\LIB\ST7) 
PR(C:\DOCUMENTS AND SETTINGS\JEROME SEMETTE\DESKTOP\AN2659-STM8_IAP_USING_USER-BOOTLOADER\PROJECT\STM8A_USER-BOOTLOADER_EXAMPLE\RIDE\STM8BOOTLOADER.MAP) 
SCINAME(STM8) GENERATEDEPFILE CODESIZE(0X20000) CODESTART(0X8000) 
RAMSIZE(0X1800) DATASTART(0X0000) EEPROMSTART(0X4000) EEPROMSIZE(0X800) 
STACKSIZE(0X400) STACKTOP(6144) REMOVEUNCALLED IX 
XML(C:\DOCUMENTS AND SETTINGS\JEROME SEMETTE\DESKTOP\AN2659-STM8_IAP_USING_USER-BOOTLOADER\PROJECT\STM8A_USER-BOOTLOADER_EXAMPLE\RIDE\STM8BOOTLOADER.STM8-SMALL.XML) 
XMLRIDE(C:\DOCUMENTS AND SETTINGS\JEROME SEMETTE\DESKTOP\AN2659-STM8_IAP_USING_USER-BOOTLOADER\PROJECT\STM8A_USER-BOOTLOADER_EXAMPLE\RIDE\STM8BOOTLOADER-GLOBALS.STM8-SMALL.XML) 
CODE(0X8080) 
 WITHOUT ANY FLOATING POINT ARITHMETIC


INPUT MODULES INCLUDED
  C:\DOCUMENTS AND SETTINGS\JEROME SEMETTE\DESKTOP\AN2659-STM8_IAP_USING_USER-BOOTLOADER\PROJECT\STM8A_USER-BOOTLOADER_EXAMPLE\RIDE\STM8A_INTERRUPT.OBJ(STM8A_INTERRUPT)
  C:\DOCUMENTS AND SETTINGS\JEROME SEMETTE\DESKTOP\AN2659-STM8_IAP_USING_USER-BOOTLOADER\PROJECT\STM8A_USER-BOOTLOADER_EXAMPLE\RIDE\STM8A_OB.OBJ(STM8A_OB)
  C:\DOCUMENTS AND SETTINGS\JEROME SEMETTE\DESKTOP\AN2659-STM8_IAP_USING_USER-BOOTLOADER\PROJECT\STM8A_USER-BOOTLOADER_EXAMPLE\RIDE\MAIN.OBJ(MAIN)
  C:\PROGRAM FILES\RAISONANCE\RIDE\LIB\ST7\RCSTM8.LIB(CHARTOL)
  C:\PROGRAM FILES\RAISONANCE\RIDE\LIB\ST7\RCSTM8.LIB(ACCIX328)
  C:\PROGRAM FILES\RAISONANCE\RIDE\LIB\ST7\RCSTM8.LIB(ADD3232)
  C:\PROGRAM FILES\RAISONANCE\RIDE\LIB\ST7\RCSTM8.LIB(DIVS3232)
  C:\PROGRAM FILES\RAISONANCE\RIDE\LIB\ST7\RCSTM8.LIB(DIVU3232)
  C:\PROGRAM FILES\RAISONANCE\RIDE\LIB\ST7\RCSTM8.LIB(SUBIX32)
  C:\PROGRAM FILES\RAISONANCE\RIDE\LIB\ST7\RCSTM8.LIB(ADDIX32)
  C:\PROGRAM FILES\RAISONANCE\RIDE\LIB\ST7\RCSTM8.LIB(IX32)
  C:\PROGRAM FILES\RAISONANCE\RIDE\LIB\ST7\RCSTM8.LIB(MULU3232)
  C:\PROGRAM FILES\RAISONANCE\RIDE\LIB\ST7\RCSTM8.LIB(MV4_BC2ISA)
  C:\PROGRAM FILES\RAISONANCE\RIDE\LIB\ST7\RCSTM8.LIB(MV4_BC2SK)
  C:\PROGRAM FILES\RAISONANCE\RIDE\LIB\ST7\RCSTM8.LIB(MV4_ISA2BC)
  C:\PROGRAM FILES\RAISONANCE\RIDE\LIB\ST7\RCSTM8.LIB(MV4_PG2BC)
  C:\PROGRAM FILES\RAISONANCE\RIDE\LIB\ST7\RCSTM8.LIB(MV4_PG2IX1)
  C:\PROGRAM FILES\RAISONANCE\RIDE\LIB\ST7\RCSTM8.LIB(MV4_PG2SK1)
  C:\PROGRAM FILES\RAISONANCE\RIDE\LIB\ST7\RCSTM8.LIB(NEG32)
  C:\PROGRAM FILES\RAISONANCE\RIDE\LIB\ST7\RCSTM8.LIB(SUB3232)
  C:\PROGRAM FILES\RAISONANCE\RIDE\LIB\ST7\RCSTM8.LIB(SRL328)
  C:\PROGRAM FILES\RAISONANCE\RIDE\LIB\ST7\RCSTM8.LIB(CPU3232IX)
  C:\PROGRAM FILES\RAISONANCE\RIDE\LIB\ST7\RCSTM8.LIB(_MEMCPY)
  C:\PROGRAM FILES\RAISONANCE\RIDE\LIB\ST7\RCSTM8.LIB(REGISTERS)
  C:\PROGRAM FILES\RAISONANCE\RIDE\LIB\ST7\RCSTM8.LIB(STARTUP_V_Z)
  C:\PROGRAM FILES\RAISONANCE\RIDE\LIB\ST7\RCSTM8.LIB(MEMCPY)
  C:\PROGRAM FILES\RAISONANCE\RIDE\LIB\ST7\RCSTM8.LIB(?STATINIT)

REMOVED UNCALLED SEGMENTS:
--------------------------
    ?PR??CHECKADDRESS?MAIN
    ?PR??CLK_GETCLOCKFREQ?MAIN
    ?STR?MAIN
    CSTDLIB_DIVS3232
    CSTDLIB_DIVU32
    CSTDLIB_MEMCPYP
    CSTDLIB_NEG32


***WARNING 21: REFERENCE TO CODE FROM INRAM FUNCTION
   NAME: ?PR??MEM_PROGRAMBLOCK?MAIN

***WARNING 21: REFERENCE TO CODE FROM INRAM FUNCTION
   NAME: ?PR??MEM_PROGRAMBLOCK?MAIN

***WARNING 21: REFERENCE TO CODE FROM INRAM FUNCTION
   NAME: ?PR??MEM_PROGRAMBLOCK?MAIN

***WARNING 21: REFERENCE TO CODE FROM INRAM FUNCTION
   NAME: ?PR??MEM_PROGRAMBLOCK?MAIN


LINK MAP OF MODULE: C:\DOCUMENTS AND SETTINGS\JEROME SEMETTE\DESKTOP\AN2659-STM8_IAP_USING_USER-BOOTLOADER\PROJECT\STM8A_USER-BOOTLOADER_EXAMPLE\RIDE\STM8BOOTLOADER.AOF (STM8A_INTERRUPT)

	TYPE     BASE         LENGTH     RELOCATION      SEGMENT NAME
	----     ----         ------     ----------      ------------

	* * * * * * * *   D A T A       M E M O R Y   * * * * * * * *
	DATA     000000H      000086H    PAGE0           ?ED0?MAIN
	DATA     000086H      000004H    PAGE0           CSTDLIB_REGISTERS
	DATA     00008AH      000002H    PAGE0           ?D0?MAIN
	DATA     00008CH      000001H    PAGE0           ?ZD0?MAIN
	DATA     00008DH      000084H    INSECTION0      ?PR??MEM_PROGRAMBLOCK?MAIN
	         000111H      0012EFH                     *** GAP ***
	DATA     001400H      000400H    UNIT            ?C_STACK?SEG

	* * * * * * * *   C O D E       M E M O R Y   * * * * * * * *
	
	CODE     004800H      00000FH    AT              ?CO?STM8A_OB00
	CODE     008000H      000004H    AT              ?CO?STARTUP_V_Z00
	CODE     008004H      00007CH    AT              ?CO?STM8A_INTERRUPT00
	CODE     008080H      00021DH    INSECTION0      ?PR??WRITEBUFFER?MAIN
	CODE     00829DH      000217H    INSECTION0      ?PR??WRITEBUFFERFLASH?MAIN
	CODE     0084B4H      000110H    INSECTION0      ?PR??RECEIVEADDRESS?MAIN
	CODE     0085C4H      0000D4H    INSECTION0      ?PR?MAIN?MAIN
	CODE     008698H      0000C6H    INSECTION0      ?PR??WM_COMMAND_PROCESS?MAIN
	CODE     00875EH      0000A6H    INSECTION0      ?PR??PROCESSCOMMANDS?MAIN
	CODE     008804H      000090H    INSECTION0      ?PR??RECEIVECOUNT?MAIN
	CODE     008894H      00008EH    INSECTION0      ?PR??RM_COMMAND_PROCESS?MAIN
	CODE     008922H      00008DH    INSECTION0      CSTDLIB_MULU3232
	CODE     0089AFH      00005AH    INSECTION0      ?PR??FLASH_PROGRAMOPTIONBYTE?MAIN
	CODE     008A09H      000046H    INSECTION0      ?PR??RECEIVE?MAIN
	CODE     008A4FH      000043H    INSECTION0      ?PR??TRANSMIT?MAIN
	CODE     008A92H      000039H    INSECTION0      ?PR??PROTOCOL_INIT?MAIN
	CODE     008ACBH      000033H    INSECTION0      CSTART
	CODE     008AFEH      000031H    INSECTION0      ?PR??DEINITBOOTLOADER?MAIN
	CODE     008B2FH      00002FH    INSECTION0      ?PR??GO_COMMAND_PROCESS?MAIN
	CODE     008B5EH      00002BH    INSECTION0      ?PR??GT_COMMAND_PROCESS?MAIN
	         008B89H      000001H                     *** GAP ***
	CODE     008B8AH      00001AH    INSECTION0      CSTDLIB_SRL328
	CODE     008BA4H      000018H    INSECTION0      CSTDLIB_ACCIX328
	CODE     008BBCH      000018H    INSECTION0      CSTDLIB_IX32
	CODE     008BD4H      000017H    INSECTION0      ?PR??MASTER_IDENT?MAIN
	CODE     008BEBH      000017H    INSECTION0      CSTDLIB_MV4BC2ISA
	CODE     008C02H      000017H    INSECTION0      CSTDLIB_MV4ISA2BC
	CODE     008C19H      000017H    INSECTION0      CSTDLIB_SUB3232
	CODE     008C30H      000015H    INSECTION0      CSTDLIB_ADD3232
	         008C45H      000001H                     *** GAP ***
	CODE     008C46H      000014H    INSECTION0      CSTDLIB_MEMCPY
	CODE     008C5AH      000012H    INSECTION0      CSTDLIB_CHARTOL
	CODE     008C6CH      000012H    INSECTION0      CSTDLIB_PG2BC
	CODE     008C7EH      000011H    INSECTION0      CSTDLIB_MV4BC2SK
	CODE     008C8FH      000010H    INSECTION0      CSTDLIB_PG2IX1
	CODE     008C9FH      00000CH    INSECTION0      CSTDLIB_CPU3232IX
	CODE     008CABH      000009H    INSECTION0      ?PR??UNLOCK_PROG?MAIN
	CODE     008CB4H      000009H    INSECTION0      ?PR??UNLOCK_DATA?MAIN
	CODE     008CBDH      000009H    INSECTION0      CSTDLIB_PG2SK1
	CODE     008CC6H      000090H    UNIT            ?PR?STATINIT

UNRESOLVED EXTERNAL SYMBOLS

EXECUTABLE SUMMARY:
-------------------
    Total EEPROM storage requirement:  0000H (0)
    Total DATA storage requirement:  0511H (1297)
    Total CODE storage requirement:  0D54H (3412)


REFERENCE MAP OF MODULE: C:\DOCUMENTS AND SETTINGS\JEROME SEMETTE\DESKTOP\AN2659-STM8_IAP_USING_USER-BOOTLOADER\PROJECT\STM8A_USER-BOOTLOADER_EXAMPLE\RIDE\STM8BOOTLOADER.AOF (STM8BOOTLOADER)

SEGMENT
   +-->CALLED SEGMENT
---------------------

SYMBOL TABLE FOR C:\DOCUMENTS AND SETTINGS\JEROME SEMETTE\DESKTOP\AN2659-STM8_IAP_USING_USER-BOOTLOADER\PROJECT\STM8A_USER-BOOTLOADER_EXAMPLE\RIDE\STM8BOOTLOADER.AOF(STM8A_INTERRUPT)
---------------------------------------------------------------------------------------------------------------------------------------------------------------------------------------

	VALUE              TYPE               NAME
	-----              ----               ----

	----------         TranslatorMod-ST7  STM8A_INTERRUPT
	----------         PROC-ST7           
	----------         ENDPROC-ST7        
	----------         EndModule-ST7      
	----------         TranslatorMod-ST7  STM8A_OB
	----------         PROC-ST7           
	----------         ENDPROC-ST7        
	----------         EndModule-ST7      
	----------         TranslatorMod-ST7  MAIN
	  C:00008DH        PUBLIC             ?Mem_ProgramBlock
	  D:000084H        PUBLIC             ReceivedData
	  C:008A09H        PUBLIC             ?Receive
	  C:008CABH        PUBLIC             ?unlock_PROG
	  C:008080H        PUBLIC             ?WriteBuffer
	  C:008CB4H        PUBLIC             ?unlock_DATA
	  C:008A92H        PUBLIC             ?protocol_init
	  C:0085C4H        PUBLIC             main
	  C:008AFEH        PUBLIC             ?DeInitBootloader
	  C:0084B4H        PUBLIC             ?ReceiveAddress
	  C:008804H        PUBLIC             ?ReceiveCount
	  D:00008CH        PUBLIC             RoutinesInRAM
	  C:00875EH        PUBLIC             ?ProcessCommands
	  C:0089AFH        PUBLIC             ?FLASH_ProgramOptionByte
	  C:008B2FH        PUBLIC             ?GO_Command_Process
	  C:008A4FH        PUBLIC             ?Transmit
	  C:00829DH        PUBLIC             ?WriteBufferFlash
	  D:000002H        PUBLIC             DataBuffer
	  C:008B5EH        PUBLIC             ?GT_Command_Process
	  D:00008AH        PUBLIC             MainUserApplication
	  C:008894H        PUBLIC             ?RM_Command_Process
	  D:000000H        PUBLIC             GoAddress
	  C:008BD4H        PUBLIC             ?Master_ident
	  C:008698H        PUBLIC             ?WM_Command_Process
	  N:000000H        SYMBOL             _ICE_DUMMY_
	  C:00006BH        SYMBOL             ?EPILOG_0020
	  C:0089EEH        SYMBOL             ?NXT_0152
	  C:0089E0H        SYMBOL             ?WHILE_0027
	  C:00888FH        SYMBOL             ?NXT_0143
	  C:0084DFH        SYMBOL             ?NXT_0125
	  C:008A90H        SYMBOL             ?EPILOG_0011
	  C:008489H        SYMBOL             ?WHILE_0018
	  C:00828EH        SYMBOL             ?NXT_0071
	  C:00871AH        SYMBOL             ?NXT_0044
	  C:00891DH        SYMBOL             ?NXT_0026
	  C:008B88H        SYMBOL             ?EPILOG_0002
	  C:0087E4H        SYMBOL             ?CASE_0006
	  C:008792H        SYMBOL             ?NXT_0017
	  C:00008DH        SYMBOL             ?Mem_ProgramBlock
	  C:0089E7H        SYMBOL             ?NXT_0153
	  C:0084F2H        SYMBOL             ?NXT_0126
	  C:008A4CH        SYMBOL             ?EPILOG_0012
	  C:008495H        SYMBOL             ?WHILE_0019
	  C:0084AFH        SYMBOL             ?NXT_0090
	  C:008725H        SYMBOL             ?NXT_0045
	  C:008917H        SYMBOL             ?NXT_0027
	  C:00891FH        SYMBOL             ?EPILOG_0003
	  C:0087EBH        SYMBOL             ?CASE_0007
	  C:0087AEH        SYMBOL             ?NXT_0018
	  C:0087F2H        SYMBOL             ?TEST_0003
	  D:000084H        SYMBOL             ReceivedData
	  C:008505H        SYMBOL             ?NXT_0127
	  C:008BE9H        SYMBOL             ?EPILOG_0013
	  C:00849DH        SYMBOL             ?NXT_0091
	  C:0082CEH        SYMBOL             ?NXT_0082
	  C:0080FBH        SYMBOL             ?NXT_0064
	  C:00007CH        SYMBOL             ?NXT_0055
	  C:008735H        SYMBOL             ?NXT_0046
	  C:008B5BH        SYMBOL             ?EPILOG_0004
	  C:0087F2H        SYMBOL             ?NXT_0019
	  C:008A09H        SYMBOL             ?Receive
	  C:008CABH        SYMBOL             ?unlock_PROG
	  C:0085C1H        SYMBOL             ?EPILOG_0014
	  C:008518H        SYMBOL             ?NXT_0128
	  C:0082FBH        SYMBOL             ?NXT_0083
	  C:008175H        SYMBOL             ?NXT_0065
	  C:008754H        SYMBOL             ?NXT_0047
	  C:00875BH        SYMBOL             ?EPILOG_0005
	  C:008B40H        SYMBOL             ?NXT_0029
	  C:0000B4H        SYMBOL             ?NXT_0147
	  C:008891H        SYMBOL             ?EPILOG_0015
	  C:008818H        SYMBOL             ?NXT_0138
	  C:0085ABH        SYMBOL             ?NXT_0129
	  C:008B0AH        SYMBOL             ?NXT_0093
	  C:0082E9H        SYMBOL             ?NXT_0084
	  C:0081E6H        SYMBOL             ?NXT_0066
	  C:00007EH        SYMBOL             ?EPILOG_0006
	  C:0086AFH        SYMBOL             ?NXT_0039
	  C:008080H        SYMBOL             ?WriteBuffer
	  C:008CB4H        SYMBOL             ?unlock_DATA
	  C:008A92H        SYMBOL             ?protocol_init
	  C:00010EH        SYMBOL             ?NXT_0148
	  C:008CB3H        SYMBOL             ?EPILOG_0016
	  C:00882DH        SYMBOL             ?NXT_0139
	  C:00839DH        SYMBOL             ?NXT_0085
	  C:0081E1H        SYMBOL             ?NXT_0067
	  C:00829AH        SYMBOL             ?EPILOG_0007
	  C:0085C4H        SYMBOL             main
	  C:000101H        SYMBOL             ?NXT_0149
	  C:008CBCH        SYMBOL             ?EPILOG_0017
	  C:0084B1H        SYMBOL             ?EPILOG_0008
	  C:008378H        SYMBOL             ?NXT_0086
	  C:0081DBH        SYMBOL             ?NXT_0068
	  C:0088CAH        SYMBOL             ?FOR_0001
	  C:00010EH        SYMBOL             ?EPILOG_0018
	  C:008B2EH        SYMBOL             ?EPILOG_0009
	  C:0083F1H        SYMBOL             ?NXT_0087
	  C:008298H        SYMBOL             ?NXT_0069
	  C:000037H        SYMBOL             ?DATASTART_0010
	  C:008AFEH        SYMBOL             ?DeInitBootloader
	  C:008A06H        SYMBOL             ?EPILOG_0019
	  C:008489H        SYMBOL             ?NXT_0088
	  C:000049H        SYMBOL             ?DATASTART_0011
	  C:0086D9H        SYMBOL             ?FOR_0003
	  C:0084B4H        SYMBOL             ?ReceiveAddress
	  C:008464H        SYMBOL             ?NXT_0089
	  C:008084H        SYMBOL             ?DATASTART_0021
	  C:00005DH        SYMBOL             ?DATASTART_0012
	  C:008381H        SYMBOL             ?DATASTART_0040
	  C:0080D6H        SYMBOL             ?DATASTART_0022
	  C:00006DH        SYMBOL             ?DATASTART_0013
	  C:0083D6H        SYMBOL             ?DATASTART_0041
	  C:0081B3H        SYMBOL             ?FOR_0006
	  C:0080FEH        SYMBOL             ?DATASTART_0023
	  D:00008CH        SYMBOL             ?ZD0?MAIN?BASE
	  C:008804H        SYMBOL             ?ReceiveCount
	  C:008424H        SYMBOL             ?DATASTART_0042
	  C:00824FH        SYMBOL             ?FOR_0007
	  C:008150H        SYMBOL             ?DATASTART_0024
	  C:00843AH        SYMBOL             ?DATASTART_0043
	  C:0081A2H        SYMBOL             ?DATASTART_0025
	  C:000003H        SYMBOL             ?DATASTART_0007
	  C:0000EDH        SYMBOL             ?FOR_0009
	  C:008450H        SYMBOL             ?DATASTART_0044
	  C:0081E9H        SYMBOL             ?DATASTART_0026
	  C:000013H        SYMBOL             ?DATASTART_0008
	  C:0087C8H        SYMBOL             ?LAB_0010
	  C:008622H        SYMBOL             ?LAB_0001
	  C:00846DH        SYMBOL             ?DATASTART_0045
	  C:00823EH        SYMBOL             ?DATASTART_0027
	  C:000027H        SYMBOL             ?DATASTART_0009
	  C:008802H        SYMBOL             ?LAB_0011
	  C:008338H        SYMBOL             ?DATASTART_0037
	  C:00830EH        SYMBOL             ?LAB_0030
	  C:00003BH        SYMBOL             ?DATAEND_0010
	  C:000024H        SYMBOL             ?ELSE_0036
	  C:0087F9H        SYMBOL             ?LAB_0012
	  D:00008CH        SYMBOL             RoutinesInRAM
	  C:00875EH        SYMBOL             ?ProcessCommands
	  C:0000BDH        SYMBOL             ?DATASTART_0047
	  C:00834EH        SYMBOL             ?DATASTART_0038
	  C:008305H        SYMBOL             ?LAB_0031
	  C:00004DH        SYMBOL             ?DATAEND_0011
	  C:000046H        SYMBOL             ?ELSE_0037
	  C:008802H        SYMBOL             ?LAB_0013
	  D:00008AH        SYMBOL             ?D0?MAIN?BASE
	  C:0089AFH        SYMBOL             ?FLASH_ProgramOptionByte
	  C:008B2FH        SYMBOL             ?GO_Command_Process
	  C:008A4FH        SYMBOL             ?Transmit
	  C:0000AAH        SYMBOL             ?ELSE_0083
	  C:008364H        SYMBOL             ?DATASTART_0039
	  C:00830EH        SYMBOL             ?LAB_0032
	  C:0080E3H        SYMBOL             ?LAB_0023
	  C:008088H        SYMBOL             ?DATAEND_0021
	  C:000061H        SYMBOL             ?DATAEND_0012
	  C:00005AH        SYMBOL             ?ELSE_0038
	  C:00868CH        SYMBOL             ?DO_0001
	  C:00829DH        SYMBOL             ?WriteBufferFlash
	  C:00005AH        SYMBOL             ?DATASTART_0049
	  C:0083FAH        SYMBOL             ?LAB_0033
	  C:008382H        SYMBOL             ?DATAEND_0040
	  C:00815DH        SYMBOL             ?LAB_0024
	  C:0080DAH        SYMBOL             ?DATAEND_0022
	  C:000071H        SYMBOL             ?DATAEND_0013
	  C:000056H        SYMBOL             ?EASY_0000?CheckAddress
	  C:0083D7H        SYMBOL             ?DATAEND_0041
	  C:0082C4H        SYMBOL             ?ELSE_0049
	  C:00824BH        SYMBOL             ?LAB_0025
	  C:008102H        SYMBOL             ?DATAEND_0023
	  C:000020H        SYMBOL             ?EASY_0001?CheckAddress
	  C:0087D4H        SYMBOL             ?LAB_0007
	  C:00875FH        SYMBOL             ?DO_0003
	  D:000002H        SYMBOL             DataBuffer
	  C:008A35H        SYMBOL             ?LAB_0035
	  C:008425H        SYMBOL             ?DATAEND_0042
	  C:008211H        SYMBOL             ?LAB_0026
	  C:008154H        SYMBOL             ?DATAEND_0024
	  C:000020H        SYMBOL             ?LAB_0017
	  C:0087BCH        SYMBOL             ?LAB_0008
	  C:00843BH        SYMBOL             ?DATAEND_0043
	  C:0081A6H        SYMBOL             ?DATAEND_0025
	  C:000044H        SYMBOL             ?LAB_0018
	  C:000007H        SYMBOL             ?DATAEND_0007
	  C:0087C2H        SYMBOL             ?LAB_0009
	  C:000000H        SYMBOL             ?STR?MAIN?BASE
	  D:000000H        SYMBOL             ?ED0?MAIN?BASE
	  C:008B5EH        SYMBOL             ?GT_Command_Process
	  C:008451H        SYMBOL             ?DATAEND_0044
	  C:0081EDH        SYMBOL             ?DATAEND_0026
	  C:00007AH        SYMBOL             ?LAB_0019
	  C:000017H        SYMBOL             ?DATAEND_0008
	  C:00846EH        SYMBOL             ?DATAEND_0045
	  C:0082D9H        SYMBOL             ?LAB_0029
	  C:008242H        SYMBOL             ?DATAEND_0027
	  C:00002BH        SYMBOL             ?DATAEND_0009
	  C:008763H        SYMBOL             ?WHILE_0001
	  D:00008AH        SYMBOL             MainUserApplication
	  C:008A6FH        SYMBOL             ?NXT_0100
	  C:008339H        SYMBOL             ?DATAEND_0037
	  C:0082CEH        SYMBOL             ?WHILE_0011
	  C:0000BEH        SYMBOL             ?DATAEND_0047
	  C:008A27H        SYMBOL             ?NXT_0110
	  C:008A68H        SYMBOL             ?NXT_0101
	  C:00834FH        SYMBOL             ?DATAEND_0038
	  C:0082E1H        SYMBOL             ?WHILE_0012
	  C:008894H        SYMBOL             ?RM_Command_Process
	  C:008A20H        SYMBOL             ?NXT_0111
	  C:008A68H        SYMBOL             ?NXT_0102
	  C:008A56H        SYMBOL             ?WHILE_0022
	  C:008365H        SYMBOL             ?DATAEND_0039
	  C:0082FBH        SYMBOL             ?WHILE_0013
	  C:00005EH        SYMBOL             ?DATAEND_0049
	  C:0085A7H        SYMBOL             ?NXT_0130
	  C:008A20H        SYMBOL             ?NXT_0112
	  C:008A90H        SYMBOL             ?NXT_0103
	  C:008A79H        SYMBOL             ?WHILE_0023
	  C:008370H        SYMBOL             ?WHILE_0014
	  C:0086CDH        SYMBOL             ?NXT_0040
	  C:00863BH        SYMBOL             ?NXT_0004
	  D:000000H        SYMBOL             GoAddress
	  C:008886H        SYMBOL             ?NXT_0140
	  C:0085BAH        SYMBOL             ?NXT_0131
	  C:008A44H        SYMBOL             ?NXT_0113
	  C:008A89H        SYMBOL             ?NXT_0104
	  C:00839DH        SYMBOL             ?WHILE_0015
	  C:00870BH        SYMBOL             ?NXT_0041
	  C:008802H        SYMBOL             ?NXT_0014
	  C:00863BH        SYMBOL             ?NXT_0005
	  C:008845H        SYMBOL             ?NXT_0141
	  C:008A10H        SYMBOL             ?WHILE_0025
	  C:008A89H        SYMBOL             ?NXT_0105
	  C:0083F1H        SYMBOL             ?WHILE_0016
	  C:008705H        SYMBOL             ?NXT_0042
	  C:0088A5H        SYMBOL             ?NXT_0024
	  C:0087D6H        SYMBOL             ?CASE_0004
	  C:00876BH        SYMBOL             ?NXT_0015
	  C:008697H        SYMBOL             ?EPILOG_0000
	  C:00866BH        SYMBOL             ?NXT_0006
	  C:008BD4H        SYMBOL             ?Master_ident
	  C:00887FH        SYMBOL             ?NXT_0142
	  C:0084CCH        SYMBOL             ?NXT_0124
	  C:008BE7H        SYMBOL             ?NXT_0115
	  C:008ACAH        SYMBOL             ?EPILOG_0010
	  C:00845CH        SYMBOL             ?WHILE_0017
	  C:008294H        SYMBOL             ?NXT_0070
	  C:0086F7H        SYMBOL             ?NXT_0043
	  C:0088C2H        SYMBOL             ?NXT_0025
	  C:008802H        SYMBOL             ?EPILOG_0001
	  C:0087DDH        SYMBOL             ?CASE_0005
	  C:008781H        SYMBOL             ?NXT_0016
	  C:008697H        SYMBOL             ?NXT_0007
	  C:008695H        SYMBOL             ?TEST_0001
	  C:008698H        SYMBOL             ?WM_Command_Process
	----------         PROC-ST7           
	  C:0085C4H        LINE#              80
	  C:0085C5H        LINE#              81
	  C:0085C9H        LINE#              84
	  C:0085CBH        LINE#              84
	  C:0085CEH        LINE#              84
	  C:0085D0H        LINE#              84
	  C:0085D5H        LINE#              85
	  C:0085D7H        LINE#              85
	  C:0085DAH        LINE#              85
	  C:0085DCH        LINE#              85
	  C:0085E1H        LINE#              86
	  C:0085E3H        LINE#              86
	  C:0085E6H        LINE#              86
	  C:0085E8H        LINE#              86
	  C:0085EDH        LINE#              89
	  C:0085EFH        LINE#              89
	  C:0085F2H        LINE#              89
	  C:0085F3H        LINE#              89
	  C:0085F5H        LINE#              89
	  C:0085F7H        LINE#              89
	  C:0085FAH        LINE#              89
	  C:0085FCH        LINE#              89
	  C:0085FEH        LINE#              89
	  C:008600H        LINE#              92
	  C:008602H        LINE#              92
	  C:008604H        LINE#              92
	  C:008605H        LINE#              92
	  C:008607H        LINE#              92
	  C:00860AH        LINE#              92
	  C:00860DH        LINE#              92
	  C:00860FH        LINE#              92
	  C:008611H        LINE#              92
	  C:008613H        LINE#              92
	  C:008615H        LINE#              92
	  C:008616H        LINE#              92
	  C:008618H        LINE#              92
	  C:00861BH        LINE#              92
	  C:00861EH        LINE#              92
	  C:008620H        LINE#              92
	  C:008622H        LINE#              95
	  C:008626H        LINE#              96
	  C:00862AH        LINE#              97
	  C:00862EH        LINE#              98
	  C:008632H        LINE#              98
	  C:008633H        LINE#              98
	  C:008635H        LINE#              98
	  C:008636H        LINE#              98
	  C:008637H        LINE#              98
	  C:00863BH        LINE#              128
	  C:00863FH        LINE#              129
	  C:008643H        LINE#              130
	  C:008647H        LINE#              131
	  C:00864BH        LINE#              134
	  C:00864FH        LINE#              137
	  C:008652H        LINE#              140
	  C:008654H        LINE#              140
	  C:008657H        LINE#              140
	  C:008658H        LINE#              140
	  C:00865AH        LINE#              142
	  C:00865CH        LINE#              142
	  C:00865FH        LINE#              144
	  C:008662H        LINE#              144
	  C:008663H        LINE#              144
	  C:008665H        LINE#              144
	  C:008666H        LINE#              144
	  C:008667H        LINE#              144
	  C:00866BH        LINE#              176
	  C:00866CH        LINE#              176
	  C:00866EH        LINE#              176
	  C:00866FH        LINE#              176
	  C:008670H        LINE#              176
	  C:008671H        LINE#              176
	  C:008674H        LINE#              176
	  C:008675H        LINE#              176
	  C:008678H        LINE#              176
	  C:00867BH        LINE#              176
	  C:00867DH        LINE#              178
	  C:008681H        LINE#              179
	  C:008684H        LINE#              180
	  C:008687H        LINE#              182
	  C:008689H        LINE#              182
	  C:00868CH        LINE#              186
	  C:00868FH        LINE#              189
	  C:008692H        LINE#              192
	  C:008695H        LINE#              192
	  C:008697H        LINE#              192
	----------         ENDPROC-ST7        
	----------         PROC-ST7           
	  C:00875EH        LINE#              197
	  C:00875FH        LINE#              202
	  C:008761H        LINE#              202
	  C:008763H        LINE#              203
	  C:008765H        LINE#              203
	  C:008767H        LINE#              204
	  C:008769H        LINE#              204
	  C:00876BH        LINE#              206
	  C:00876EH        LINE#              206
	  C:008770H        LINE#              209
	  C:008772H        LINE#              209
	  C:008773H        LINE#              209
	  C:008775H        LINE#              209
	  C:008776H        LINE#              209
	  C:008778H        LINE#              209
	  C:008779H        LINE#              209
	  C:00877CH        LINE#              209
	  C:00877DH        LINE#              209
	  C:00877FH        LINE#              210
	  C:008781H        LINE#              213
	  C:008783H        LINE#              213
	  C:008784H        LINE#              213
	  C:008786H        LINE#              213
	  C:008787H        LINE#              213
	  C:008789H        LINE#              213
	  C:00878AH        LINE#              213
	  C:00878DH        LINE#              213
	  C:00878EH        LINE#              213
	  C:008790H        LINE#              214
	  C:008792H        LINE#              217
	  C:008793H        LINE#              217
	  C:008795H        LINE#              217
	  C:008796H        LINE#              217
	  C:008797H        LINE#              217
	  C:008798H        LINE#              217
	  C:008799H        LINE#              217
	  C:00879AH        LINE#              217
	  C:00879BH        LINE#              217
	  C:00879DH        LINE#              217
	  C:00879EH        LINE#              217
	  C:0087A0H        LINE#              217
	  C:0087A3H        LINE#              217
	  C:0087A5H        LINE#              217
	  C:0087A7H        LINE#              219
	  C:0087A9H        LINE#              219
	  C:0087ACH        LINE#              220
	  C:0087AEH        LINE#              224
	  C:0087B0H        LINE#              224
	  C:0087B3H        LINE#              225
	  C:0087B6H        LINE#              225
	  C:0087B8H        LINE#              225
	  C:0087BAH        LINE#              225
	  C:0087BCH        LINE#              225
	  C:0087BEH        LINE#              225
	  C:0087C0H        LINE#              225
	  C:0087C2H        LINE#              225
	  C:0087C4H        LINE#              225
	  C:0087C6H        LINE#              225
	  C:0087C8H        LINE#              225
	  C:0087C9H        LINE#              225
	  C:0087CBH        LINE#              225
	  C:0087CCH        LINE#              225
	  C:0087CDH        LINE#              225
	  C:0087D0H        LINE#              225
	  C:0087D2H        LINE#              225
	  C:0087D4H        LINE#              225
	  C:0087D6H        LINE#              227
	  C:0087D9H        LINE#              227
	  C:0087DBH        LINE#              227
	  C:0087DDH        LINE#              228
	  C:0087E0H        LINE#              228
	  C:0087E2H        LINE#              228
	  C:0087E4H        LINE#              229
	  C:0087E7H        LINE#              229
	  C:0087E9H        LINE#              229
	  C:0087EBH        LINE#              230
	  C:0087EEH        LINE#              230
	  C:0087F0H        LINE#              230
	  C:0087F2H        LINE#              230
	  C:0087F4H        LINE#              230
	  C:0087F6H        LINE#              230
	  C:0087F9H        LINE#              230
	  C:0087FBH        LINE#              230
	  C:0087FDH        LINE#              230
	  C:0087FFH        LINE#              230
	  C:008802H        LINE#              230
	  C:008803H        LINE#              230
	----------         ENDPROC-ST7        
	----------         PROC-ST7           
	  C:008B5EH        LINE#              237
	  C:008B60H        LINE#              237
	  C:008B63H        LINE#              240
	  C:008B65H        LINE#              240
	  C:008B68H        LINE#              243
	  C:008B6AH        LINE#              243
	  C:008B6DH        LINE#              246
	  C:008B6FH        LINE#              246
	  C:008B72H        LINE#              249
	  C:008B74H        LINE#              249
	  C:008B77H        LINE#              252
	  C:008B79H        LINE#              252
	  C:008B7CH        LINE#              255
	  C:008B7EH        LINE#              255
	  C:008B81H        LINE#              258
	  C:008B83H        LINE#              258
	  C:008B86H        LINE#              260
	  C:008B88H        LINE#              260
	----------         ENDPROC-ST7        
	----------         PROC-ST7           
	  C:008894H        LINE#              263
	  C:008896H        LINE#              269
	  C:008899H        LINE#              269
	  C:00889AH        LINE#              269
	  C:00889CH        LINE#              271
	  C:00889EH        LINE#              271
	  C:0088A1H        LINE#              272
	  C:0088A3H        LINE#              272
	  C:0088A5H        LINE#              276
	  C:0088A7H        LINE#              276
	  C:0088A9H        LINE#              276
	  C:0088ABH        LINE#              276
	  C:0088ADH        LINE#              279
	  C:0088AFH        LINE#              279
	  C:0088B1H        LINE#              279
	  C:0088B4H        LINE#              279
	  C:0088B6H        LINE#              279
	  C:0088B7H        LINE#              279
	  C:0088B9H        LINE#              281
	  C:0088BBH        LINE#              281
	  C:0088BEH        LINE#              282
	  C:0088C0H        LINE#              282
	  C:0088C2H        LINE#              286
	  C:0088C4H        LINE#              286
	  C:0088C6H        LINE#              287
	  C:0088C8H        LINE#              287
	  C:0088CAH        LINE#              287
	  C:0088CCH        LINE#              287
	  C:0088CEH        LINE#              287
	  C:0088D0H        LINE#              289
	  C:0088D1H        LINE#              289
	  C:0088D3H        LINE#              289
	  C:0088D4H        LINE#              289
	  C:0088D5H        LINE#              289
	  C:0088D7H        LINE#              289
	  C:0088D9H        LINE#              289
	  C:0088DBH        LINE#              289
	  C:0088DDH        LINE#              289
	  C:0088DEH        LINE#              289
	  C:0088E2H        LINE#              289
	  C:0088E4H        LINE#              289
	  C:0088E5H        LINE#              289
	  C:0088E6H        LINE#              289
	  C:0088EAH        LINE#              289
	  C:0088ECH        LINE#              289
	  C:0088EEH        LINE#              289
	  C:0088F0H        LINE#              289
	  C:0088F2H        LINE#              289
	  C:0088F4H        LINE#              289
	  C:0088F6H        LINE#              290
	  C:0088F7H        LINE#              290
	  C:0088F9H        LINE#              290
	  C:0088FAH        LINE#              290
	  C:0088FBH        LINE#              290
	  C:0088FDH        LINE#              290
	  C:0088FFH        LINE#              290
	  C:008901H        LINE#              290
	  C:008903H        LINE#              290
	  C:008904H        LINE#              290
	  C:008908H        LINE#              290
	  C:00890AH        LINE#              290
	  C:00890BH        LINE#              290
	  C:00890CH        LINE#              290
	  C:008910H        LINE#              290
	  C:008912H        LINE#              290
	  C:008914H        LINE#              290
	  C:008917H        LINE#              287
	  C:008919H        LINE#              287
	  C:00891BH        LINE#              287
	  C:00891DH        LINE#              292
	  C:00891FH        LINE#              292
	  C:008921H        LINE#              292
	----------         ENDPROC-ST7        
	----------         PROC-ST7           
	  C:008B2FH        LINE#              295
	  C:008B31H        LINE#              299
	  C:008B34H        LINE#              299
	  C:008B35H        LINE#              299
	  C:008B37H        LINE#              301
	  C:008B39H        LINE#              301
	  C:008B3CH        LINE#              302
	  C:008B3EH        LINE#              302
	  C:008B40H        LINE#              305
	  C:008B42H        LINE#              305
	  C:008B44H        LINE#              305
	  C:008B46H        LINE#              305
	  C:008B48H        LINE#              306
	  C:008B49H        LINE#              306
	  C:008B4CH        LINE#              306
	  C:008B4EH        LINE#              306
	  C:008B51H        LINE#              306
	  C:008B53H        LINE#              306
	  C:008B55H        LINE#              307
	  C:008B57H        LINE#              307
	  C:008B59H        LINE#              308
	  C:008B5BH        LINE#              308
	  C:008B5DH        LINE#              308
	----------         ENDPROC-ST7        
	----------         PROC-ST7           
	  C:008698H        LINE#              311
	  C:00869AH        LINE#              317
	  C:00869DH        LINE#              317
	  C:00869FH        LINE#              320
	  C:0086A2H        LINE#              320
	  C:0086A3H        LINE#              320
	  C:0086A5H        LINE#              322
	  C:0086A7H        LINE#              322
	  C:0086AAH        LINE#              323
	  C:0086ACH        LINE#              323
	  C:0086AFH        LINE#              327
	  C:0086B1H        LINE#              327
	  C:0086B3H        LINE#              327
	  C:0086B5H        LINE#              327
	  C:0086B7H        LINE#              330
	  C:0086B9H        LINE#              330
	  C:0086BBH        LINE#              330
	  C:0086BEH        LINE#              330
	  C:0086C0H        LINE#              330
	  C:0086C1H        LINE#              330
	  C:0086C3H        LINE#              332
	  C:0086C5H        LINE#              332
	  C:0086C8H        LINE#              333
	  C:0086CAH        LINE#              333
	  C:0086CDH        LINE#              337
	  C:0086CFH        LINE#              337
	  C:0086D1H        LINE#              338
	  C:0086D3H        LINE#              338
	  C:0086D5H        LINE#              339
	  C:0086D7H        LINE#              339
	  C:0086D9H        LINE#              339
	  C:0086DBH        LINE#              339
	  C:0086DDH        LINE#              339
	  C:0086DFH        LINE#              341
	  C:0086E0H        LINE#              341
	  C:0086E2H        LINE#              341
	  C:0086E3H        LINE#              341
	  C:0086E4H        LINE#              341
	  C:0086E6H        LINE#              341
	  C:0086E8H        LINE#              341
	  C:0086EAH        LINE#              341
	  C:0086ECH        LINE#              341
	  C:0086EFH        LINE#              341
	  C:0086F0H        LINE#              341
	  C:0086F2H        LINE#              343
	  C:0086F5H        LINE#              343
	  C:0086F7H        LINE#              346
	  C:0086F8H        LINE#              346
	  C:0086FAH        LINE#              346
	  C:0086FBH        LINE#              346
	  C:0086FDH        LINE#              346
	  C:0086FFH        LINE#              346
	  C:008701H        LINE#              346
	  C:008703H        LINE#              346
	  C:008705H        LINE#              339
	  C:008707H        LINE#              339
	  C:008709H        LINE#              339
	  C:00870BH        LINE#              350
	  C:00870CH        LINE#              350
	  C:00870FH        LINE#              350
	  C:008712H        LINE#              350
	  C:008713H        LINE#              350
	  C:008715H        LINE#              352
	  C:008718H        LINE#              352
	  C:00871AH        LINE#              355
	  C:00871CH        LINE#              355
	  C:00871EH        LINE#              355
	  C:008720H        LINE#              357
	  C:008723H        LINE#              357
	  C:008725H        LINE#              360
	  C:008728H        LINE#              360
	  C:00872AH        LINE#              360
	  C:00872CH        LINE#              362
	  C:00872EH        LINE#              362
	  C:008731H        LINE#              363
	  C:008733H        LINE#              363
	  C:008735H        LINE#              367
	  C:008737H        LINE#              367
	  C:008739H        LINE#              367
	  C:00873AH        LINE#              367
	  C:00873CH        LINE#              367
	  C:00873DH        LINE#              367
	  C:00873FH        LINE#              367
	  C:008740H        LINE#              367
	  C:008742H        LINE#              367
	  C:008743H        LINE#              367
	  C:008746H        LINE#              367
	  C:008748H        LINE#              367
	  C:008749H        LINE#              367
	  C:00874BH        LINE#              369
	  C:00874DH        LINE#              369
	  C:008750H        LINE#              370
	  C:008752H        LINE#              370
	  C:008754H        LINE#              374
	  C:008756H        LINE#              374
	  C:008759H        LINE#              375
	  C:00875BH        LINE#              375
	  C:00875DH        LINE#              375
	----------         ENDPROC-ST7        
	----------         PROC-ST7           
	----------         ENDPROC-ST7        
	----------         PROC-ST7           
	  C:008080H        LINE#              397
	  C:008081H        LINE#              401
	  C:008088H        LINE#              401
	  C:00808BH        LINE#              401
	  C:00808EH        LINE#              401
	  C:008091H        LINE#              401
	  C:008094H        LINE#              401
	  C:008096H        LINE#              401
	  C:008098H        LINE#              401
	  C:00809AH        LINE#              401
	  C:00809CH        LINE#              401
	  C:00809EH        LINE#              401
	  C:0080A0H        LINE#              401
	  C:0080A1H        LINE#              401
	  C:0080A2H        LINE#              401
	  C:0080A5H        LINE#              401
	  C:0080A7H        LINE#              401
	  C:0080A9H        LINE#              401
	  C:0080AAH        LINE#              401
	  C:0080ABH        LINE#              401
	  C:0080ACH        LINE#              401
	  C:0080ADH        LINE#              401
	  C:0080AFH        LINE#              401
	  C:0080B2H        LINE#              401
	  C:0080B5H        LINE#              401
	  C:0080B7H        LINE#              401
	  C:0080B9H        LINE#              401
	  C:0080BBH        LINE#              401
	  C:0080BDH        LINE#              401
	  C:0080BFH        LINE#              401
	  C:0080C1H        LINE#              401
	  C:0080C4H        LINE#              401
	  C:0080C7H        LINE#              401
	  C:0080CAH        LINE#              401
	  C:0080CDH        LINE#              401
	  C:0080D0H        LINE#              401
	  C:0080D3H        LINE#              401
	  C:0080DAH        LINE#              401
	  C:0080DBH        LINE#              401
	  C:0080DCH        LINE#              401
	  C:0080DFH        LINE#              401
	  C:0080E1H        LINE#              401
	  C:0080E3H        LINE#              402
	  C:0080E6H        LINE#              402
	  C:0080E7H        LINE#              402
	  C:0080E9H        LINE#              402
	  C:0080EAH        LINE#              402
	  C:0080ECH        LINE#              402
	  C:0080EDH        LINE#              402
	  C:0080EFH        LINE#              402
	  C:0080F0H        LINE#              402
	  C:0080F2H        LINE#              402
	  C:0080F3H        LINE#              402
	  C:0080F6H        LINE#              402
	  C:0080F8H        LINE#              402
	  C:0080FBH        LINE#              405
	  C:008102H        LINE#              405
	  C:008105H        LINE#              405
	  C:008108H        LINE#              405
	  C:00810BH        LINE#              405
	  C:00810EH        LINE#              405
	  C:008110H        LINE#              405
	  C:008112H        LINE#              405
	  C:008114H        LINE#              405
	  C:008116H        LINE#              405
	  C:008118H        LINE#              405
	  C:00811AH        LINE#              405
	  C:00811BH        LINE#              405
	  C:00811CH        LINE#              405
	  C:00811FH        LINE#              405
	  C:008121H        LINE#              405
	  C:008123H        LINE#              405
	  C:008124H        LINE#              405
	  C:008125H        LINE#              405
	  C:008126H        LINE#              405
	  C:008127H        LINE#              405
	  C:008129H        LINE#              405
	  C:00812CH        LINE#              405
	  C:00812FH        LINE#              405
	  C:008131H        LINE#              405
	  C:008133H        LINE#              405
	  C:008135H        LINE#              405
	  C:008137H        LINE#              405
	  C:008139H        LINE#              405
	  C:00813BH        LINE#              405
	  C:00813EH        LINE#              405
	  C:008141H        LINE#              405
	  C:008144H        LINE#              405
	  C:008147H        LINE#              405
	  C:00814AH        LINE#              405
	  C:00814DH        LINE#              405
	  C:008154H        LINE#              405
	  C:008155H        LINE#              405
	  C:008156H        LINE#              405
	  C:008159H        LINE#              405
	  C:00815BH        LINE#              405
	  C:00815DH        LINE#              406
	  C:008160H        LINE#              406
	  C:008161H        LINE#              406
	  C:008163H        LINE#              406
	  C:008164H        LINE#              406
	  C:008166H        LINE#              406
	  C:008167H        LINE#              406
	  C:008169H        LINE#              406
	  C:00816AH        LINE#              406
	  C:00816CH        LINE#              406
	  C:00816DH        LINE#              406
	  C:008170H        LINE#              406
	  C:008172H        LINE#              406
	  C:008175H        LINE#              409
	  C:008176H        LINE#              409
	  C:008177H        LINE#              409
	  C:008178H        LINE#              409
	  C:008179H        LINE#              409
	  C:00817BH        LINE#              409
	  C:00817EH        LINE#              409
	  C:008181H        LINE#              409
	  C:008183H        LINE#              409
	  C:008185H        LINE#              409
	  C:008187H        LINE#              409
	  C:008189H        LINE#              409
	  C:00818BH        LINE#              409
	  C:00818DH        LINE#              409
	  C:008190H        LINE#              409
	  C:008193H        LINE#              409
	  C:008196H        LINE#              409
	  C:008199H        LINE#              409
	  C:00819CH        LINE#              409
	  C:00819FH        LINE#              409
	  C:0081A6H        LINE#              409
	  C:0081A7H        LINE#              409
	  C:0081A8H        LINE#              409
	  C:0081ABH        LINE#              409
	  C:0081ADH        LINE#              409
	  C:0081AFH        LINE#              411
	  C:0081B1H        LINE#              411
	  C:0081B3H        LINE#              411
	  C:0081B5H        LINE#              411
	  C:0081B7H        LINE#              411
	  C:0081B9H        LINE#              412
	  C:0081BAH        LINE#              412
	  C:0081BCH        LINE#              412
	  C:0081BDH        LINE#              412
	  C:0081BFH        LINE#              412
	  C:0081C0H        LINE#              412
	  C:0081C1H        LINE#              412
	  C:0081C3H        LINE#              412
	  C:0081C4H        LINE#              412
	  C:0081C5H        LINE#              412
	  C:0081C7H        LINE#              412
	  C:0081C9H        LINE#              412
	  C:0081CBH        LINE#              412
	  C:0081CDH        LINE#              412
	  C:0081CEH        LINE#              412
	  C:0081D2H        LINE#              412
	  C:0081D4H        LINE#              412
	  C:0081D5H        LINE#              412
	  C:0081D6H        LINE#              412
	  C:0081D7H        LINE#              412
	  C:0081DBH        LINE#              411
	  C:0081DDH        LINE#              411
	  C:0081DFH        LINE#              411
	  C:0081E1H        LINE#              413
	  C:0081E3H        LINE#              413
	  C:0081E6H        LINE#              417
	  C:0081EDH        LINE#              417
	  C:0081F0H        LINE#              417
	  C:0081F3H        LINE#              417
	  C:0081F6H        LINE#              417
	  C:0081F9H        LINE#              417
	  C:0081FBH        LINE#              417
	  C:0081FDH        LINE#              417
	  C:0081FFH        LINE#              417
	  C:008201H        LINE#              417
	  C:008203H        LINE#              417
	  C:008205H        LINE#              417
	  C:008206H        LINE#              417
	  C:008207H        LINE#              417
	  C:00820AH        LINE#              417
	  C:00820CH        LINE#              417
	  C:00820EH        LINE#              417
	  C:008211H        LINE#              417
	  C:008212H        LINE#              417
	  C:008213H        LINE#              417
	  C:008214H        LINE#              417
	  C:008215H        LINE#              417
	  C:008217H        LINE#              417
	  C:00821AH        LINE#              417
	  C:00821DH        LINE#              417
	  C:00821FH        LINE#              417
	  C:008221H        LINE#              417
	  C:008223H        LINE#              417
	  C:008225H        LINE#              417
	  C:008227H        LINE#              417
	  C:008229H        LINE#              417
	  C:00822CH        LINE#              417
	  C:00822FH        LINE#              417
	  C:008232H        LINE#              417
	  C:008235H        LINE#              417
	  C:008238H        LINE#              417
	  C:00823BH        LINE#              417
	  C:008242H        LINE#              417
	  C:008243H        LINE#              417
	  C:008244H        LINE#              417
	  C:008247H        LINE#              417
	  C:008249H        LINE#              417
	  C:00824BH        LINE#              419
	  C:00824DH        LINE#              419
	  C:00824FH        LINE#              419
	  C:008251H        LINE#              419
	  C:008253H        LINE#              419
	  C:008255H        LINE#              421
	  C:008256H        LINE#              421
	  C:008258H        LINE#              421
	  C:008259H        LINE#              421
	  C:00825BH        LINE#              421
	  C:00825CH        LINE#              421
	  C:00825DH        LINE#              421
	  C:00825FH        LINE#              421
	  C:008260H        LINE#              421
	  C:008261H        LINE#              421
	  C:008263H        LINE#              421
	  C:008265H        LINE#              421
	  C:008267H        LINE#              421
	  C:008269H        LINE#              421
	  C:00826AH        LINE#              421
	  C:00826EH        LINE#              421
	  C:008270H        LINE#              421
	  C:008273H        LINE#              421
	  C:008276H        LINE#              421
	  C:008279H        LINE#              421
	  C:00827AH        LINE#              421
	  C:00827CH        LINE#              421
	  C:00827DH        LINE#              421
	  C:00827FH        LINE#              421
	  C:008280H        LINE#              421
	  C:008282H        LINE#              421
	  C:008284H        LINE#              421
	  C:008286H        LINE#              421
	  C:008288H        LINE#              421
	  C:00828AH        LINE#              421
	  C:00828BH        LINE#              421
	  C:00828EH        LINE#              419
	  C:008290H        LINE#              419
	  C:008292H        LINE#              419
	  C:008294H        LINE#              423
	  C:008296H        LINE#              423
	  C:008298H        LINE#              427
	  C:00829AH        LINE#              427
	  C:00829CH        LINE#              427
	----------         ENDPROC-ST7        
	----------         PROC-ST7           
	  C:00829DH        LINE#              430
	  C:00829FH        LINE#              431
	  C:0082A1H        LINE#              431
	  C:0082A3H        LINE#              431
	  C:0082A5H        LINE#              431
	  C:0082A7H        LINE#              431
	  C:0082A9H        LINE#              431
	  C:0082ABH        LINE#              431
	  C:0082ACH        LINE#              431
	  C:0082AFH        LINE#              432
	  C:0082B2H        LINE#              432
	  C:0082B4H        LINE#              435
	  C:0082B6H        LINE#              435
	  C:0082B8H        LINE#              436
	  C:0082BBH        LINE#              436
	  C:0082BDH        LINE#              436
	  C:0082C0H        LINE#              436
	  C:0082C2H        LINE#              436
	  C:0082C4H        LINE#              438
	  C:0082C7H        LINE#              438
	  C:0082C9H        LINE#              438
	  C:0082CCH        LINE#              438
	  C:0082CEH        LINE#              440
	  C:0082D0H        LINE#              440
	  C:0082D2H        LINE#              440
	  C:0082D3H        LINE#              440
	  C:0082D5H        LINE#              440
	  C:0082D7H        LINE#              440
	  C:0082D9H        LINE#              442
	  C:0082DBH        LINE#              442
	  C:0082DCH        LINE#              442
	  C:0082DDH        LINE#              442
	  C:0082DFH        LINE#              442
	  C:0082E0H        LINE#              442
	  C:0082E1H        LINE#              443
	  C:0082E3H        LINE#              443
	  C:0082E6H        LINE#              443
	  C:0082E7H        LINE#              443
	  C:0082E9H        LINE#              444
	  C:0082EAH        LINE#              444
	  C:0082EDH        LINE#              444
	  C:0082EFH        LINE#              444
	  C:0082F2H        LINE#              445
	  C:0082F4H        LINE#              445
	  C:0082F5H        LINE#              445
	  C:0082F7H        LINE#              446
	  C:0082F9H        LINE#              446
	  C:0082FBH        LINE#              449
	  C:0082FDH        LINE#              449
	  C:0082FFH        LINE#              449
	  C:008300H        LINE#              449
	  C:008302H        LINE#              449
	  C:008305H        LINE#              449
	  C:008307H        LINE#              449
	  C:008309H        LINE#              449
	  C:00830BH        LINE#              449
	  C:00830EH        LINE#              451
	  C:008310H        LINE#              451
	  C:008313H        LINE#              451
	  C:008315H        LINE#              451
	  C:00831AH        LINE#              452
	  C:00831CH        LINE#              452
	  C:00831FH        LINE#              452
	  C:008321H        LINE#              452
	  C:008326H        LINE#              453
	  C:008328H        LINE#              453
	  C:008329H        LINE#              453
	  C:00832AH        LINE#              453
	  C:00832CH        LINE#              453
	  C:00832DH        LINE#              453
	  C:00832EH        LINE#              454
	  C:008330H        LINE#              454
	  C:008333H        LINE#              454
	  C:008334H        LINE#              454
	  C:008335H        LINE#              454
	  C:008339H        LINE#              454
	  C:00833AH        LINE#              454
	  C:00833DH        LINE#              454
	  C:008340H        LINE#              454
	  C:008341H        LINE#              454
	  C:008344H        LINE#              455
	  C:008346H        LINE#              455
	  C:008349H        LINE#              455
	  C:00834AH        LINE#              455
	  C:00834BH        LINE#              455
	  C:00834FH        LINE#              455
	  C:008350H        LINE#              455
	  C:008353H        LINE#              455
	  C:008356H        LINE#              455
	  C:008357H        LINE#              455
	  C:00835AH        LINE#              456
	  C:00835CH        LINE#              456
	  C:00835FH        LINE#              456
	  C:008360H        LINE#              456
	  C:008361H        LINE#              456
	  C:008365H        LINE#              456
	  C:008366H        LINE#              456
	  C:008369H        LINE#              456
	  C:00836CH        LINE#              456
	  C:00836DH        LINE#              456
	  C:008370H        LINE#              457
	  C:008372H        LINE#              457
	  C:008375H        LINE#              457
	  C:008376H        LINE#              457
	  C:008378H        LINE#              458
	  C:00837AH        LINE#              458
	  C:00837BH        LINE#              458
	  C:00837DH        LINE#              458
	  C:00837EH        LINE#              458
	  C:008382H        LINE#              458
	  C:008385H        LINE#              458
	  C:008386H        LINE#              458
	  C:008389H        LINE#              459
	  C:00838BH        LINE#              459
	  C:00838EH        LINE#              459
	  C:008390H        LINE#              460
	  C:008392H        LINE#              460
	  C:008394H        LINE#              460
	  C:008396H        LINE#              460
	  C:008398H        LINE#              460
	  C:00839AH        LINE#              460
	  C:00839DH        LINE#              463
	  C:00839EH        LINE#              463
	  C:0083A0H        LINE#              463
	  C:0083A1H        LINE#              463
	  C:0083A2H        LINE#              463
	  C:0083A5H        LINE#              463
	  C:0083A7H        LINE#              463
	  C:0083AAH        LINE#              463
	  C:0083ACH        LINE#              463
	  C:0083AEH        LINE#              465
	  C:0083B0H        LINE#              465
	  C:0083B1H        LINE#              465
	  C:0083B3H        LINE#              465
	  C:0083B4H        LINE#              465
	  C:0083B6H        LINE#              465
	  C:0083B7H        LINE#              465
	  C:0083B9H        LINE#              465
	  C:0083BAH        LINE#              465
	  C:0083BBH        LINE#              465
	  C:0083BEH        LINE#              465
	  C:0083C1H        LINE#              465
	  C:0083C3H        LINE#              465
	  C:0083C6H        LINE#              465
	  C:0083C8H        LINE#              465
	  C:0083CBH        LINE#              465
	  C:0083CDH        LINE#              466
	  C:0083CFH        LINE#              466
	  C:0083D0H        LINE#              466
	  C:0083D2H        LINE#              466
	  C:0083D3H        LINE#              466
	  C:0083D7H        LINE#              466
	  C:0083DAH        LINE#              466
	  C:0083DBH        LINE#              466
	  C:0083DEH        LINE#              467
	  C:0083E0H        LINE#              467
	  C:0083E3H        LINE#              467
	  C:0083E5H        LINE#              468
	  C:0083E7H        LINE#              468
	  C:0083E9H        LINE#              468
	  C:0083EBH        LINE#              468
	  C:0083EDH        LINE#              468
	  C:0083EFH        LINE#              468
	  C:0083F1H        LINE#              472
	  C:0083F3H        LINE#              472
	  C:0083F5H        LINE#              472
	  C:0083F7H        LINE#              472
	  C:0083FAH        LINE#              474
	  C:0083FCH        LINE#              474
	  C:0083FFH        LINE#              474
	  C:008401H        LINE#              474
	  C:008406H        LINE#              475
	  C:008408H        LINE#              475
	  C:00840BH        LINE#              475
	  C:00840DH        LINE#              475
	  C:008412H        LINE#              476
	  C:008414H        LINE#              476
	  C:008415H        LINE#              476
	  C:008416H        LINE#              476
	  C:008418H        LINE#              476
	  C:008419H        LINE#              476
	  C:00841AH        LINE#              477
	  C:00841CH        LINE#              477
	  C:00841FH        LINE#              477
	  C:008420H        LINE#              477
	  C:008421H        LINE#              477
	  C:008425H        LINE#              477
	  C:008426H        LINE#              477
	  C:008429H        LINE#              477
	  C:00842CH        LINE#              477
	  C:00842DH        LINE#              477
	  C:008430H        LINE#              478
	  C:008432H        LINE#              478
	  C:008435H        LINE#              478
	  C:008436H        LINE#              478
	  C:008437H        LINE#              478
	  C:00843BH        LINE#              478
	  C:00843CH        LINE#              478
	  C:00843FH        LINE#              478
	  C:008442H        LINE#              478
	  C:008443H        LINE#              478
	  C:008446H        LINE#              479
	  C:008448H        LINE#              479
	  C:00844BH        LINE#              479
	  C:00844CH        LINE#              479
	  C:00844DH        LINE#              479
	  C:008451H        LINE#              479
	  C:008452H        LINE#              479
	  C:008455H        LINE#              479
	  C:008458H        LINE#              479
	  C:008459H        LINE#              479
	  C:00845CH        LINE#              480
	  C:00845EH        LINE#              480
	  C:008461H        LINE#              480
	  C:008462H        LINE#              480
	  C:008464H        LINE#              481
	  C:008466H        LINE#              481
	  C:008467H        LINE#              481
	  C:008469H        LINE#              481
	  C:00846AH        LINE#              481
	  C:00846EH        LINE#              481
	  C:008471H        LINE#              481
	  C:008472H        LINE#              481
	  C:008475H        LINE#              482
	  C:008477H        LINE#              482
	  C:00847AH        LINE#              482
	  C:00847CH        LINE#              483
	  C:00847EH        LINE#              483
	  C:008480H        LINE#              483
	  C:008482H        LINE#              483
	  C:008484H        LINE#              483
	  C:008486H        LINE#              483
	  C:008489H        LINE#              487
	  C:00848BH        LINE#              487
	  C:00848DH        LINE#              489
	  C:00848FH        LINE#              489
	  C:008490H        LINE#              489
	  C:008491H        LINE#              489
	  C:008493H        LINE#              489
	  C:008494H        LINE#              489
	  C:008495H        LINE#              490
	  C:008497H        LINE#              490
	  C:00849AH        LINE#              490
	  C:00849BH        LINE#              490
	  C:00849DH        LINE#              491
	  C:00849EH        LINE#              491
	  C:0084A1H        LINE#              491
	  C:0084A3H        LINE#              491
	  C:0084A6H        LINE#              492
	  C:0084A8H        LINE#              492
	  C:0084A9H        LINE#              492
	  C:0084ABH        LINE#              493
	  C:0084ADH        LINE#              493
	  C:0084AFH        LINE#              496
	  C:0084B1H        LINE#              496
	  C:0084B3H        LINE#              496
	----------         ENDPROC-ST7        
	----------         PROC-ST7           
	  C:008AFEH        LINE#              500
	  C:008B00H        LINE#              500
	  C:008B02H        LINE#              503
	  C:008B06H        LINE#              505
	  C:008B0AH        LINE#              509
	  C:008B0EH        LINE#              510
	  C:008B12H        LINE#              511
	  C:008B16H        LINE#              512
	  C:008B1AH        LINE#              513
	  C:008B1EH        LINE#              514
	  C:008B22H        LINE#              515
	  C:008B26H        LINE#              516
	  C:008B2AH        LINE#              517
	  C:008B2EH        LINE#              517
	----------         ENDPROC-ST7        
	----------         PROC-ST7           
	  C:008A92H        LINE#              557
	  C:008A94H        LINE#              557
	  C:008A97H        LINE#              557
	  C:008A99H        LINE#              557
	  C:008A9EH        LINE#              560
	  C:008AA0H        LINE#              560
	  C:008AA3H        LINE#              560
	  C:008AA5H        LINE#              560
	  C:008AAAH        LINE#              563
	  C:008AACH        LINE#              563
	  C:008AAFH        LINE#              563
	  C:008AB1H        LINE#              563
	  C:008AB6H        LINE#              566
	  C:008AB8H        LINE#              566
	  C:008ABBH        LINE#              566
	  C:008ABDH        LINE#              566
	  C:008AC2H        LINE#              569
	  C:008AC6H        LINE#              570
	  C:008ACAH        LINE#              570
	----------         ENDPROC-ST7        
	----------         PROC-ST7           
	  C:008A4FH        LINE#              575
	  C:008A50H        LINE#              575
	  C:008A51H        LINE#              606
	  C:008A54H        LINE#              606
	  C:008A56H        LINE#              607
	  C:008A57H        LINE#              607
	  C:008A59H        LINE#              607
	  C:008A5AH        LINE#              607
	  C:008A5CH        LINE#              607
	  C:008A61H        LINE#              607
	  C:008A64H        LINE#              607
	  C:008A66H        LINE#              607
	  C:008A68H        LINE#              607
	  C:008A6BH        LINE#              607
	  C:008A6DH        LINE#              607
	  C:008A6FH        LINE#              609
	  C:008A71H        LINE#              609
	  C:008A74H        LINE#              611
	  C:008A77H        LINE#              611
	  C:008A79H        LINE#              612
	  C:008A7BH        LINE#              612
	  C:008A7DH        LINE#              612
	  C:008A82H        LINE#              612
	  C:008A85H        LINE#              612
	  C:008A87H        LINE#              612
	  C:008A89H        LINE#              612
	  C:008A8CH        LINE#              612
	  C:008A8EH        LINE#              612
	  C:008A90H        LINE#              612
	  C:008A91H        LINE#              612
	----------         ENDPROC-ST7        
	----------         PROC-ST7           
	  C:008A09H        LINE#              616
	  C:008A0AH        LINE#              616
	  C:008A0BH        LINE#              671
	  C:008A0EH        LINE#              671
	  C:008A10H        LINE#              672
	  C:008A12H        LINE#              672
	  C:008A14H        LINE#              672
	  C:008A19H        LINE#              672
	  C:008A1CH        LINE#              672
	  C:008A1EH        LINE#              672
	  C:008A20H        LINE#              672
	  C:008A23H        LINE#              672
	  C:008A25H        LINE#              672
	  C:008A27H        LINE#              674
	  C:008A29H        LINE#              674
	  C:008A2BH        LINE#              674
	  C:008A2CH        LINE#              674
	  C:008A2EH        LINE#              674
	  C:008A30H        LINE#              674
	  C:008A32H        LINE#              674
	  C:008A33H        LINE#              674
	  C:008A35H        LINE#              677
	  C:008A37H        LINE#              677
	  C:008A3AH        LINE#              677
	  C:008A3BH        LINE#              679
	  C:008A3DH        LINE#              679
	  C:008A40H        LINE#              681
	  C:008A42H        LINE#              681
	  C:008A44H        LINE#              684
	  C:008A46H        LINE#              684
	  C:008A49H        LINE#              684
	  C:008A4AH        LINE#              686
	  C:008A4CH        LINE#              686
	  C:008A4EH        LINE#              686
	----------         ENDPROC-ST7        
	----------         PROC-ST7           
	  C:008BD4H        LINE#              690
	  C:008BD5H        LINE#              690
	  C:008BD6H        LINE#              692
	  C:008BD7H        LINE#              692
	  C:008BDAH        LINE#              692
	  C:008BDDH        LINE#              693
	  C:008BDFH        LINE#              693
	  C:008BE1H        LINE#              693
	  C:008BE3H        LINE#              695
	  C:008BE5H        LINE#              695
	  C:008BE7H        LINE#              697
	  C:008BE9H        LINE#              697
	  C:008BEAH        LINE#              697
	----------         ENDPROC-ST7        
	----------         PROC-ST7           
	  C:0084B4H        LINE#              700
	  C:0084B5H        LINE#              701
	  C:0084B7H        LINE#              701
	  C:0084B9H        LINE#              704
	  C:0084BBH        LINE#              704
	  C:0084BCH        LINE#              704
	  C:0084BEH        LINE#              704
	  C:0084BFH        LINE#              704
	  C:0084C1H        LINE#              704
	  C:0084C2H        LINE#              704
	  C:0084C5H        LINE#              704
	  C:0084C6H        LINE#              704
	  C:0084C8H        LINE#              705
	  C:0084CAH        LINE#              705
	  C:0084CCH        LINE#              706
	  C:0084CEH        LINE#              706
	  C:0084CFH        LINE#              706
	  C:0084D1H        LINE#              706
	  C:0084D2H        LINE#              706
	  C:0084D4H        LINE#              706
	  C:0084D5H        LINE#              706
	  C:0084D8H        LINE#              706
	  C:0084D9H        LINE#              706
	  C:0084DBH        LINE#              707
	  C:0084DDH        LINE#              707
	  C:0084DFH        LINE#              708
	  C:0084E1H        LINE#              708
	  C:0084E2H        LINE#              708
	  C:0084E4H        LINE#              708
	  C:0084E5H        LINE#              708
	  C:0084E7H        LINE#              708
	  C:0084E8H        LINE#              708
	  C:0084EBH        LINE#              708
	  C:0084ECH        LINE#              708
	  C:0084EEH        LINE#              709
	  C:0084F0H        LINE#              709
	  C:0084F2H        LINE#              710
	  C:0084F4H        LINE#              710
	  C:0084F5H        LINE#              710
	  C:0084F7H        LINE#              710
	  C:0084F8H        LINE#              710
	  C:0084FAH        LINE#              710
	  C:0084FBH        LINE#              710
	  C:0084FEH        LINE#              710
	  C:0084FFH        LINE#              710
	  C:008501H        LINE#              711
	  C:008503H        LINE#              711
	  C:008505H        LINE#              714
	  C:008507H        LINE#              714
	  C:008508H        LINE#              714
	  C:00850AH        LINE#              714
	  C:00850BH        LINE#              714
	  C:00850DH        LINE#              714
	  C:00850EH        LINE#              714
	  C:008511H        LINE#              714
	  C:008512H        LINE#              714
	  C:008514H        LINE#              715
	  C:008516H        LINE#              715
	  C:008518H        LINE#              718
	  C:00851AH        LINE#              718
	  C:00851BH        LINE#              718
	  C:00851DH        LINE#              718
	  C:00851FH        LINE#              718
	  C:008521H        LINE#              718
	  C:008522H        LINE#              718
	  C:008524H        LINE#              718
	  C:008526H        LINE#              718
	  C:008528H        LINE#              718
	  C:008529H        LINE#              718
	  C:00852BH        LINE#              718
	  C:00852DH        LINE#              718
	  C:00852FH        LINE#              718
	  C:008530H        LINE#              718
	  C:008532H        LINE#              718
	  C:008534H        LINE#              718
	  C:008536H        LINE#              718
	  C:008537H        LINE#              718
	  C:008539H        LINE#              718
	  C:00853BH        LINE#              718
	  C:00853DH        LINE#              718
	  C:00853EH        LINE#              718
	  C:008540H        LINE#              718
	  C:008542H        LINE#              718
	  C:008544H        LINE#              718
	  C:008545H        LINE#              718
	  C:008547H        LINE#              718
	  C:008549H        LINE#              718
	  C:00854BH        LINE#              718
	  C:00854CH        LINE#              718
	  C:00854EH        LINE#              718
	  C:008550H        LINE#              718
	  C:008552H        LINE#              718
	  C:008553H        LINE#              718
	  C:008555H        LINE#              718
	  C:008557H        LINE#              718
	  C:008559H        LINE#              718
	  C:00855AH        LINE#              718
	  C:00855CH        LINE#              718
	  C:00855FH        LINE#              718
	  C:008560H        LINE#              718
	  C:008562H        LINE#              718
	  C:008564H        LINE#              718
	  C:008566H        LINE#              718
	  C:008567H        LINE#              718
	  C:008569H        LINE#              718
	  C:00856BH        LINE#              718
	  C:00856DH        LINE#              718
	  C:00856EH        LINE#              718
	  C:008570H        LINE#              718
	  C:008571H        LINE#              718
	  C:008573H        LINE#              718
	  C:008575H        LINE#              718
	  C:008577H        LINE#              718
	  C:008578H        LINE#              718
	  C:00857AH        LINE#              718
	  C:00857CH        LINE#              718
	  C:00857EH        LINE#              718
	  C:00857FH        LINE#              718
	  C:008581H        LINE#              718
	  C:008582H        LINE#              718
	  C:008584H        LINE#              718
	  C:008586H        LINE#              718
	  C:008588H        LINE#              718
	  C:008589H        LINE#              718
	  C:00858BH        LINE#              718
	  C:00858DH        LINE#              718
	  C:00858FH        LINE#              718
	  C:008590H        LINE#              718
	  C:008592H        LINE#              718
	  C:008593H        LINE#              718
	  C:008595H        LINE#              718
	  C:008597H        LINE#              718
	  C:008599H        LINE#              718
	  C:00859AH        LINE#              718
	  C:00859CH        LINE#              718
	  C:00859EH        LINE#              718
	  C:0085A0H        LINE#              718
	  C:0085A1H        LINE#              718
	  C:0085A3H        LINE#              718
	  C:0085A5H        LINE#              718
	  C:0085A7H        LINE#              719
	  C:0085A9H        LINE#              719
	  C:0085ABH        LINE#              721
	  C:0085ADH        LINE#              721
	  C:0085B0H        LINE#              721
	  C:0085B2H        LINE#              728
	  C:0085B4H        LINE#              728
	  C:0085B6H        LINE#              729
	  C:0085B8H        LINE#              729
	  C:0085BAH        LINE#              732
	  C:0085BCH        LINE#              732
	  C:0085BFH        LINE#              733
	  C:0085C1H        LINE#              733
	  C:0085C3H        LINE#              733
	----------         ENDPROC-ST7        
	----------         PROC-ST7           
	  C:008804H        LINE#              736
	  C:008805H        LINE#              736
	  C:008806H        LINE#              737
	  C:008809H        LINE#              737
	  C:00880BH        LINE#              740
	  C:00880DH        LINE#              740
	  C:008810H        LINE#              740
	  C:008811H        LINE#              740
	  C:008813H        LINE#              741
	  C:008816H        LINE#              741
	  C:008818H        LINE#              744
	  C:00881AH        LINE#              744
	  C:00881CH        LINE#              744
	  C:00881EH        LINE#              744
	  C:00881FH        LINE#              744
	  C:008821H        LINE#              744
	  C:008823H        LINE#              744
	  C:008826H        LINE#              744
	  C:008828H        LINE#              745
	  C:00882BH        LINE#              745
	  C:00882DH        LINE#              749
	  C:00882FH        LINE#              749
	  C:008831H        LINE#              752
	  C:008833H        LINE#              752
	  C:008834H        LINE#              752
	  C:008836H        LINE#              752
	  C:008837H        LINE#              752
	  C:008839H        LINE#              752
	  C:00883AH        LINE#              752
	  C:00883DH        LINE#              752
	  C:00883EH        LINE#              752
	  C:008840H        LINE#              753
	  C:008843H        LINE#              753
	  C:008845H        LINE#              756
	  C:008847H        LINE#              756
	  C:008848H        LINE#              756
	  C:00884AH        LINE#              756
	  C:00884CH        LINE#              756
	  C:00884EH        LINE#              756
	  C:00884FH        LINE#              756
	  C:008851H        LINE#              756
	  C:008853H        LINE#              756
	  C:008855H        LINE#              756
	  C:008856H        LINE#              756
	  C:008858H        LINE#              756
	  C:00885AH        LINE#              756
	  C:00885CH        LINE#              756
	  C:00885DH        LINE#              756
	  C:00885FH        LINE#              756
	  C:008862H        LINE#              756
	  C:008863H        LINE#              756
	  C:008865H        LINE#              756
	  C:008867H        LINE#              756
	  C:008869H        LINE#              756
	  C:00886AH        LINE#              756
	  C:00886CH        LINE#              756
	  C:00886EH        LINE#              756
	  C:008870H        LINE#              756
	  C:008871H        LINE#              756
	  C:008873H        LINE#              756
	  C:008876H        LINE#              756
	  C:008878H        LINE#              756
	  C:00887AH        LINE#              757
	  C:00887DH        LINE#              757
	  C:00887FH        LINE#              759
	  C:008881H        LINE#              759
	  C:008884H        LINE#              759
	  C:008886H        LINE#              763
	  C:008888H        LINE#              763
	  C:00888AH        LINE#              764
	  C:00888CH        LINE#              764
	  C:00888FH        LINE#              766
	  C:008891H        LINE#              766
	  C:008893H        LINE#              766
	----------         ENDPROC-ST7        
	----------         PROC-ST7           
	  C:008CABH        LINE#              771
	  C:008CAFH        LINE#              772
	  C:008CB3H        LINE#              772
	----------         ENDPROC-ST7        
	----------         PROC-ST7           
	  C:008CB4H        LINE#              777
	  C:008CB8H        LINE#              778
	  C:008CBCH        LINE#              778
	----------         ENDPROC-ST7        
	----------         PROC-ST7           
	  C:00008DH        LINE#              789
	  C:00008EH        LINE#              789
	  C:000090H        LINE#              794
	  C:000093H        LINE#              794
	  C:000095H        LINE#              795
	  C:000096H        LINE#              795
	  C:000098H        LINE#              795
	  C:00009AH        LINE#              798
	  C:00009CH        LINE#              798
	  C:00009EH        LINE#              800
	  C:0000A1H        LINE#              800
	  C:0000A3H        LINE#              800
	  C:0000A6H        LINE#              800
	  C:0000A8H        LINE#              800
	  C:0000AAH        LINE#              804
	  C:0000ADH        LINE#              804
	  C:0000AFH        LINE#              804
	  C:0000B2H        LINE#              804
	  C:0000B4H        LINE#              808
	  C:0000B6H        LINE#              808
	  C:0000B7H        LINE#              808
	  C:0000B9H        LINE#              808
	  C:0000BAH        LINE#              808
	  C:0000BEH        LINE#              808
	  C:0000C0H        LINE#              808
	  C:0000C2H        LINE#              808
	  C:0000C3H        LINE#              808
	  C:0000C5H        LINE#              808
	  C:0000C8H        LINE#              808
	  C:0000CBH        LINE#              808
	  C:0000CDH        LINE#              808
	  C:0000D0H        LINE#              811
	  C:0000D2H        LINE#              811
	  C:0000D5H        LINE#              811
	  C:0000D7H        LINE#              811
	  C:0000DCH        LINE#              812
	  C:0000DEH        LINE#              812
	  C:0000E1H        LINE#              812
	  C:0000E3H        LINE#              812
	  C:0000E8H        LINE#              815
	  C:0000EBH        LINE#              815
	  C:0000EDH        LINE#              817
	  C:0000EFH        LINE#              817
	  C:0000F1H        LINE#              817
	  C:0000F3H        LINE#              817
	  C:0000F6H        LINE#              817
	  C:0000F7H        LINE#              817
	  C:0000F9H        LINE#              817
	  C:0000FBH        LINE#              817
	  C:0000FDH        LINE#              817
	  C:0000FEH        LINE#              817
	  C:000101H        LINE#              815
	  C:000103H        LINE#              815
	  C:000104H        LINE#              815
	  C:000106H        LINE#              815
	  C:000107H        LINE#              815
	  C:00010AH        LINE#              815
	  C:00010CH        LINE#              815
	  C:00010EH        LINE#              815
	  C:000110H        LINE#              815
	----------         ENDPROC-ST7        
	----------         PROC-ST7           
	  C:0089AFH        LINE#              835
	  C:0089B0H        LINE#              835
	  C:0089B1H        LINE#              835
	  C:0089B2H        LINE#              838
	  C:0089B4H        LINE#              838
	  C:0089B7H        LINE#              838
	  C:0089B9H        LINE#              838
	  C:0089BEH        LINE#              839
	  C:0089C0H        LINE#              839
	  C:0089C3H        LINE#              839
	  C:0089C5H        LINE#              839
	  C:0089CAH        LINE#              842
	  C:0089CCH        LINE#              842
	  C:0089CEH        LINE#              842
	  C:0089CFH        LINE#              843
	  C:0089D0H        LINE#              843
	  C:0089D2H        LINE#              843
	  C:0089D3H        LINE#              843
	  C:0089D4H        LINE#              843
	  C:0089D5H        LINE#              843
	  C:0089D7H        LINE#              843
	  C:0089DAH        LINE#              843
	  C:0089DBH        LINE#              849
	  C:0089DEH        LINE#              849
	  C:0089E0H        LINE#              850
	  C:0089E2H        LINE#              850
	  C:0089E4H        LINE#              850
	  C:0089E5H        LINE#              850
	  C:0089E7H        LINE#              850
	  C:0089EAH        LINE#              850
	  C:0089ECH        LINE#              850
	  C:0089EEH        LINE#              854
	  C:0089F0H        LINE#              854
	  C:0089F3H        LINE#              854
	  C:0089F5H        LINE#              854
	  C:0089FAH        LINE#              855
	  C:0089FCH        LINE#              855
	  C:0089FFH        LINE#              855
	  C:008A01H        LINE#              855
	  C:008A06H        LINE#              855
	  C:008A08H        LINE#              855
	----------         ENDPROC-ST7        
	----------         PROC-ST7           
	----------         ENDPROC-ST7        
	----------         PROC-ST7           
	----------         ENDPROC-ST7        
	----------         EndModule-ST7      
	----------         TranslatorMod-ST7  CHARTOL
	  C:008C62H        PUBLIC             ?C?uchartol
	  C:008C5AH        PUBLIC             ?C?chartol
	----------         PROC-ST7           
	----------         ENDPROC-ST7        
	----------         EndModule-ST7      
	----------         TranslatorMod-ST7  ACCIX328
	  C:008BA4H        PUBLIC             ?C?accix328
	----------         PROC-ST7           
	----------         ENDPROC-ST7        
	----------         EndModule-ST7      
	----------         TranslatorMod-ST7  ADD3232
	  C:008C30H        PUBLIC             ?C?add3232
	----------         PROC-ST7           
	----------         ENDPROC-ST7        
	----------         EndModule-ST7      
	----------         TranslatorMod-ST7  DIVS3232
	----------         TranslatorMod-ST7  DIVS3232
	----------         PROC-ST7           
	----------         ENDPROC-ST7        
	----------         EndModule-ST7      
	----------         TranslatorMod-ST7  DIVU3232
	----------         TranslatorMod-ST7  DIVU3232
	----------         TranslatorMod-ST7  DIVU3232
	----------         TranslatorMod-ST7  DIVU3232
	----------         PROC-ST7           
	----------         ENDPROC-ST7        
	----------         EndModule-ST7      
	----------         TranslatorMod-ST7  SUBIX32
	  C:008BBCH        PUBLIC             ?C?subix32
	----------         PROC-ST7           
	----------         ENDPROC-ST7        
	----------         EndModule-ST7      
	----------         TranslatorMod-ST7  ADDIX32
	  C:008BC2H        PUBLIC             ?C?addix32
	----------         PROC-ST7           
	----------         ENDPROC-ST7        
	----------         EndModule-ST7      
	----------         TranslatorMod-ST7  IX32
	  C:008BC8H        PUBLIC             _?lix_entry?
	----------         PROC-ST7           
	----------         ENDPROC-ST7        
	----------         EndModule-ST7      
	----------         TranslatorMod-ST7  MULU3232
	  C:008922H        PUBLIC             ?C?mulu3232
	----------         PROC-ST7           
	----------         ENDPROC-ST7        
	----------         EndModule-ST7      
	----------         TranslatorMod-ST7  MV4_BC2ISA
	  C:008BEBH        PUBLIC             ?C?mv4_bc2isa
	----------         PROC-ST7           
	----------         ENDPROC-ST7        
	----------         EndModule-ST7      
	----------         TranslatorMod-ST7  MV4_BC2SK
	  C:008C7EH        PUBLIC             ?C?mv4_bc2sk
	----------         PROC-ST7           
	----------         ENDPROC-ST7        
	----------         EndModule-ST7      
	----------         TranslatorMod-ST7  MV4_ISA2BC
	  C:008C02H        PUBLIC             ?C?mv4_isa2bc
	----------         PROC-ST7           
	----------         ENDPROC-ST7        
	----------         EndModule-ST7      
	----------         TranslatorMod-ST7  MV4_PG2BC
	  C:008C6CH        PUBLIC             ?C?mv4_pg2bc
	----------         PROC-ST7           
	----------         ENDPROC-ST7        
	----------         EndModule-ST7      
	----------         TranslatorMod-ST7  MV4_PG2IX1
	  C:008C92H        PUBLIC             ?C?mv4_pg2ix1
	  C:008C8FH        PUBLIC             ?C?mv4_pg2bc1
	----------         PROC-ST7           
	----------         ENDPROC-ST7        
	----------         EndModule-ST7      
	----------         TranslatorMod-ST7  MV4_PG2SK1
	  C:008CBDH        PUBLIC             ?C?mv4_pg2sk1
	----------         PROC-ST7           
	----------         ENDPROC-ST7        
	----------         EndModule-ST7      
	----------         TranslatorMod-ST7  NEG32
	----------         TranslatorMod-ST7  NEG32
	----------         PROC-ST7           
	----------         ENDPROC-ST7        
	----------         EndModule-ST7      
	----------         TranslatorMod-ST7  SUB3232
	  C:008C19H        PUBLIC             ?C?sub3232
	----------         PROC-ST7           
	----------         ENDPROC-ST7        
	----------         EndModule-ST7      
	----------         TranslatorMod-ST7  SRL328
	  C:008B8AH        PUBLIC             ?C?srl328
	----------         PROC-ST7           
	----------         ENDPROC-ST7        
	----------         EndModule-ST7      
	----------         TranslatorMod-ST7  CPU3232IX
	  C:008C9FH        PUBLIC             ?C?cpu3232ix
	----------         PROC-ST7           
	----------         ENDPROC-ST7        
	----------         EndModule-ST7      
	----------         TranslatorMod-ST7  _MEMCPY
	----------         TranslatorMod-ST7  _MEMCPY
	----------         PROC-ST7           
	----------         ENDPROC-ST7        
	----------         EndModule-ST7      
	----------         TranslatorMod-ST7  REGISTERS
	  D:000086H        PUBLIC             ?BH
	  D:000088H        PUBLIC             ?CH
	  D:000087H        PUBLIC             ?BL
	  D:000089H        PUBLIC             ?CL
	----------         EndModule-ST7      
	----------         TranslatorMod-ST7  STARTUP_V_Z
	  C:008ACBH        PUBLIC             CST7_START_V_Z
	----------         PROC-ST7           
	----------         ENDPROC-ST7        
	----------         PROC-ST7           
	----------         ENDPROC-ST7        
	----------         PROC-ST7           
	----------         ENDPROC-ST7        
	----------         PROC-ST7           
	----------         ENDPROC-ST7        
	----------         EndModule-ST7      
	----------         TranslatorMod-ST7  MEMCPY
	  C:008C46H        PUBLIC             ?memcpy
	----------         PROC-ST7           
	----------         ENDPROC-ST7        
	----------         EndModule-ST7      
	----------         TranslatorMod-ST7  ?STATINIT
	  C:008CC6H        PUBLIC             ?C_INITSEGSTART
	----------         PROC-ST7           
	----------         ENDPROC-ST7        
	----------         EndModule-ST7      

----------------------
SUGGESTED OPTIMIZATION
----------------------
Warning: 115 (73H) data bytes in the range [00H-FFH] are available for storage.
         Consider using some of these for 'page0' variables in your source files.


LINK/LOCATE RUN COMPLETE, 4 WARNINGS FOUND.